1789059998 377 0 0 671
1789060003 632 0 0 674
1789060008 845 86 530 675
1789060013 2068 1384 530 678
1789060018 2543 2066 0 675
1789060023 2957 2139 606 673
1789060029 3095 2118 746 669
1789060034 4252 2102 1953 675
1789060039 4240 2102 1931 671
1789060044 4210 2102 1907 671
1789060049 4183 2102 1904 672
1789060054 4200 2102 1914 669
1789060059 4180 2102 1901 668
1789060064 3961 2044 1748 670
1789060069 4408 1955 2321 670
1789060074 5404 1955 3303 674
1789060079 5420 1955 3303 667
1789060084 5408 1955 3303 671
1789060089 5409 1955 3303 666
1789060094 5402 1955 3303 666
1789060099 5389 1955 3303 665
1789060104 5378 1955 3303 667
1789060109 5352 1955 3254 669
1789060114 5354 1955 3257 675
1789060119 5108 1931 3015 669
1789060125 5415 1915 3344 666
1789060130 6513 1915 4417 666
1789060135 6533 1915 4450 666
1789060140 6520 1915 4450 666
1789060145 6547 1915 4481 666
1789060150 6549 1915 4481 666
1789060155 6568 1915 4509 666
1789060160 6564 1915 4509 666
1789060165 6331 1891 4316 666
1789060170 6339 1878 4345 666
1789060175 7678 1871 5692 666
1789060180 7755 1871 5765 666
1789060185 7954 1871 5951 666
1789060190 7975 1871 5951 666
1789060195 8003 1871 5981 666
1789060200 8008 1871 5981 666
1789060205 8152 1871 6132 666
1789060210 8150 1871 6132 666
1789060215 8111 1871 6098 666
1789060221 8109 1871 6098 666
1789060226 8102 1871 6098 665
1789060231 8102 1871 6098 665
1789060236 5671 1845 3660 665
1789060241 5778 1833 3794 665
1789060246 6837 1824 4849 665
1789060251 7452 1824 5457 665
1789060256 7570 1824 5582 665
1789060261 7632 1824 5624 665
1789060266 7622 1824 5624 665
1789060271 7616 1824 5624 665
1789060276 7663 1824 5666 665
1789060281 7661 1824 5666 665
1789060286 7655 1824 5666 665
1789060291 7643 1824 5666 666
1789060296 7640 1824 5666 668
1789060301 7231 1816 5266 665
1789060306 7198 1782 5289 667
1789060311 7768 1777 5833 666
1789060317 7750 1777 5833 667
1789060322 7866 1777 5954 666
1789060327 8029 1777 6106 666
1789060332 8029 1777 6106 666
1789060337 8010 1777 6088 666
1789060342 8024 1777 6095 665
1789060347 8022 1777 6095 666
1789060352 8011 1777 6088 667
1789060357 7959 1777 6025 665
1789060362 8230 1777 6299 666
1789060367 8225 1777 6299 664
1789060372 8230 1777 6299 666
1789060377 6088 1777 4155 666
1789060382 6210 1750 4293 667
1789060387 6287 1728 4416 665
1789060392 6401 1714 4551 668
1789060397 8154 1725 6266 664
1789060402 8362 1725 6462 663
1789060407 8356 1725 6462 663
1789060413 8344 1725 6462 662
1789060418 8435 1725 6567 662
1789060423 8438 1725 6567 662
1789060428 8440 1725 6567 664
1789060433 8449 1724 6567 664
1789060438 8446 1724 6567 664
1789060443 8440 1724 6567 670
1789060448 8434 1724 6567 666
1789060453 8320 1724 6446 664
1789060458 8320 1724 6446 664
1789060463 8502 1724 6609 666
1789060468 8122 1730 6239 666
1789060473 8233 1844 6239 668
1789060478 8209 1806 6242 665
1789060483 8013 1772 6119 663
1789060488 9674 1772 7768 663
1789060493 9828 1772 7928 663
1789060498 9937 1772 8022 663
1789060503 9934 1772 8022 663
1789060509 9946 1772 8022 665
1789060514 9945 1772 8024 665
1789060519 9936 1772 8024 665
1789060524 9931 1772 8024 665
1789060529 9936 1772 8024 665
1789060534 9937 1772 8024 665
1789060539 9939 1772 8024 665
1789060544 9940 1772 8024 663
1789060549 9937 1772 8024 663
1789060554 9939 1772 8024 663
1789060559 9965 1772 8048 662
1789060564 9959 1772 8048 662
1789060569 9971 1772 8048 662
1789060574 9973 1772 8048 662
1789060579 2229 1772 0 662
1789060584 2511 1737 548 662
