1789057619 362 0 0 698
1789057624 659 0 0 695
1789057629 691 0 443 695
1789057634 1687 1001 530 695
1789057639 2821 2079 541 695
1789057644 2850 2084 550 695
1789057650 2953 2099 696 695
1789057655 4035 2059 1812 695
1789057660 4352 2053 2132 695
1789057665 4337 2053 2123 695
1789057670 4308 2053 2110 695
1789057675 4115 2053 1921 695
1789057680 4119 2053 1928 695
1789057685 4309 2053 2106 695
1789057690 4077 2014 1919 695
1789057695 3998 1949 1932 722
1789057700 5198 1932 3149 733
1789057705 5493 1932 3443 722
1789057710 5492 1932 3443 704
1789057715 5488 1932 3443 704
1789057720 5486 1932 3443 702
1789057725 5479 1932 3443 702
1789057730 5489 1932 3443 709
1789057735 5483 1932 3443 697
1789057740 5561 1932 3511 697
1789057746 5068 1924 3048 697
1789057751 5172 1911 3158 697
1789057756 6443 1904 4425 697
1789057761 6446 1904 4425 700
1789057766 6450 1904 4425 696
1789057771 6451 1904 4425 696
1789057776 6449 1904 4425 696
1789057781 6449 1904 4425 696
1789057786 6442 1904 4425 728
1789057791 6212 1899 4216 712
1789057796 7421 1889 5432 702
1789057801 7790 1889 5784 677
1789057806 7815 1889 5784 677
1789057811 7812 1889 5784 676
1789057816 7816 1889 5784 683
1789057821 7814 1889 5784 677
1789057826 7768 1889 5731 673
1789057831 7772 1889 5728 676
1789057836 7774 1889 5728 682
1789057841 6031 1880 3986 683
1789057847 6127 1868 4097 678
1789057852 6759 1863 4746 679
1789057857 8004 1863 5970 678
1789057862 8003 1863 5970 682
1789057867 7937 1863 5912 696
1789057872 7926 1863 5912 678
1789057877 7926 1863 5912 677
1789057882 7919 1863 5912 677
1789057887 7923 1863 5912 677
1789057892 7917 1863 5912 677
1789057897 7910 1863 5912 677
1789057902 7964 1863 5954 683
1789057907 7683 1862 5673 677
1789057912 7645 1840 5673 677
1789057917 7194 1825 5204 677
1789057922 7184 1825 5204 677
1789057927 7175 1825 5204 680
1789057932 7299 1825 5336 683
1789057937 7303 1825 5336 683
1789057942 7294 1825 5322 681
1789057948 7287 1825 5322 683
1789057953 7277 1825 5322 682
1789057958 7279 1825 5322 688
1789057963 7225 1825 5263 683
1789057968 7159 1825 5199 683
1789057973 7155 1825 5199 677
1789057978 7152 1825 5199 680
1789057983 5539 1815 3570 680
1789057988 5617 1800 3683 677
1789057993 7190 1793 5249 685
1789057998 7191 1793 5253 677
1789058003 7270 1793 5325 679
1789058008 7273 1793 5325 676
1789058013 7274 1793 5325 676
1789058018 7321 1793 5373 676
1789058023 7312 1793 5373 676
1789058028 7336 1793 5392 684
1789058033 7345 1793 5392 682
1789058038 7348 1793 5392 681
1789058043 7098 1784 5141 685
1789058049 7066 1777 5141 686
1789058054 7551 1767 5637 674
1789058059 7543 1767 5637 678
1789058064 7591 1767 5671 678
1789058069 7594 1767 5671 680
1789058074 7600 1767 5671 675
1789058079 7592 1767 5671 677
1789058084 7550 1767 5634 679
1789058089 7547 1767 5634 678
1789058094 7538 1767 5634 680
1789058099 7531 1767 5634 680
1789058104 7569 1767 5673 681
1789058109 2362 1767 337 682
1789058114 2203 1751 0 682
