7D1|start=cp7_vs_heur.txt|2026-09-13T03:54:09Z
7D1|done=cp7_vs_heur.txt|rc=0|episodes=100|wins=32|losses=68|draws=0|stalls=0|win_rate=0.3200|2026-09-13T03:54:40Z
7D1|start=search_p1b8_vs_heur.txt|2026-09-13T03:54:40Z
7D1|done=search_p1b8_vs_heur.txt|rc=0|episodes=100|wins=37|losses=63|draws=0|stalls=0|win_rate=0.3700|2026-09-13T03:54:49Z
7D1|start=search_p2b8_vs_heur.txt|2026-09-13T03:54:49Z
7D1|done=search_p2b8_vs_heur.txt|rc=0|episodes=100|wins=37|losses=63|draws=0|stalls=0|win_rate=0.3700|2026-09-13T03:54:59Z
7D1|all_done|2026-09-13T03:54:59Z
7D1|skip=/home/user/CardGuru/rl/artifacts/v7/7d1/cp7_vs_heur.txt
7D1|skip=/home/user/CardGuru/rl/artifacts/v7/7d1/search_p1b8_vs_heur.txt
7D1|skip=/home/user/CardGuru/rl/artifacts/v7/7d1/search_p2b8_vs_heur.txt
7D1|all_done|2026-09-13T03:56:08Z
7D1|skip=/home/user/CardGuru/rl/artifacts/v7/7d1/cp7_vs_heur.txt
7D1|skip=/home/user/CardGuru/rl/artifacts/v7/7d1/search_p1b8_vs_heur.txt
7D1|skip=/home/user/CardGuru/rl/artifacts/v7/7d1/search_p2b8_vs_heur.txt
7D1|start=heur_vs_heur.txt|2026-09-13T03:56:23Z
7D1|done=heur_vs_heur.txt|rc=0|episodes=100|wins=50|losses=50|draws=0|stalls=0|win_rate=0.5000|2026-09-13T03:56:32Z
7D1|start=search_p1b16_vs_heur.txt|2026-09-13T03:56:32Z
7D1|done=search_p1b16_vs_heur.txt|rc=0|episodes=100|wins=37|losses=63|draws=0|stalls=0|win_rate=0.3700|2026-09-13T03:56:42Z
7D1|start=search_p3b8_vs_heur.txt|2026-09-13T03:56:42Z
7D1|done=search_p3b8_vs_heur.txt|rc=0|episodes=100|wins=37|losses=63|draws=0|stalls=0|win_rate=0.3700|2026-09-13T03:56:54Z
7D1|start=search_p1b8_vs_heur_s7200.txt|2026-09-13T03:56:54Z
7D1|done=search_p1b8_vs_heur_s7200.txt|rc=0|episodes=100|wins=41|losses=59|draws=0|stalls=0|win_rate=0.4100|2026-09-13T03:57:04Z
7D1|all_done|2026-09-13T03:57:04Z
