1789066167 379 0 0 881
1789066172 482 0 0 881
1789066177 808 101 645 988
1789066182 2545 1456 1053 1038
1789066187 2492 1932 239 881
1789066193 3484 2162 1302 1044
1789066198 3611 2079 1471 1261
1789066203 3924 2079 1835 2199
1789066208 3921 2079 1835 2245
1789066213 3876 2040 1839 2239
1789066218 3833 1976 1917 2246
1789066223 3879 1970 1941 2459
1789066228 3869 1970 1942 2465
1789066233 3859 1970 1942 2486
1789066238 3830 1950 1942 2504
1789066243 3841 1952 1942 2501
1789066248 3900 1949 1967 2501
1789066253 3872 1949 1967 2501
1789066258 3862 1949 1967 2501
1789066263 3837 1917 1967 2501
1789066268 3877 1894 2019 2655
1789066273 3878 1894 2020 2745
1789066278 3868 1894 2020 2745
1789066283 3863 1894 2020 2745
1789066288 3866 1897 2020 2748
1789066293 3833 1879 2020 2748
1789066298 3798 1834 2021 2748
1789066303 3857 1818 2034 2910
1789066308 3830 1818 2035 2910
1789066314 3817 1818 2035 2910
1789066319 3811 1818 2035 2910
1789066324 3805 1822 2035 2910
1789066329 3764 1774 2035 2910
1789066334 3713 1731 2048 2910
1789066339 3739 1704 2115 2910
1789066344 3854 1685 2200 3176
1789066349 3850 1685 2200 3176
1789066354 3841 1685 2200 3200
1789066359 3837 1685 2200 3210
1789066364 3834 1685 2200 3214
1789066369 3831 1685 2200 3212
1789066374 3833 1685 2200 3207
1789066379 3839 1685 2200 3197
1789066384 3851 1685 2200 3197
1789066389 3841 1685 2200 3202
1789066394 3902 1798 2155 3197
1789066399 3933 1826 2155 3202
1789066404 3924 1830 2155 3201
1789066409 3911 1816 2163 3202
1789066415 3951 1810 2168 3202
1789066420 3936 1810 2168 3207
1789066425 3929 1810 2168 3206
1789066430 3923 1810 2169 3202
1789066435 3914 1810 2169 3202
1789066440 3923 1810 2169 3202
1789066445 3914 1797 2169 3204
1789066450 3925 1820 2169 3203
1789066455 4003 1871 2180 3203
1789066460 4054 1855 2230 3203
1789066465 4057 1855 2230 3201
1789066470 4038 1855 2230 3204
1789066475 4031 1855 2230 3202
1789066480 4021 1855 2222 3201
1789066485 4025 1855 2222 3203
1789066490 4022 1855 2222 3203
1789066495 4022 1855 2222 3203
1789066500 2573 1855 651 1017
1789066505 2896 1795 1059 1052
1789066510 2150 1767 0 893
