1789064827 358 0 0 1156
1789064832 476 0 0 1157
1789064837 687 0 538 1264
1789064842 1174 519 645 1264
1789064848 2107 1039 1053 1314
1789064853 1878 1451 0 1157
1789064858 2180 1442 645 1268
1789064863 2830 1527 1292 1362
1789064868 2924 1544 1391 1352
1789064873 3402 1554 1829 2482
1789064878 3374 1554 1830 2520
1789064883 3361 1554 1830 2542
1789064888 3353 1554 1830 2554
1789064893 3362 1577 1830 2553
1789064898 3368 1583 1836 2564
1789064903 3448 1560 1918 2702
1789064908 3440 1560 1919 2772
1789064913 3430 1560 1920 2771
1789064918 3425 1560 1920 2827
1789064923 3429 1560 1920 2827
1789064928 3428 1554 1920 2827
1789064933 3523 1525 2052 2827
1789064939 3444 1525 1945 2827
1789064944 3425 1525 1945 2827
1789064949 3423 1525 1945 2827
1789064954 3420 1522 1945 2826
1789064959 3409 1510 1945 2826
1789064964 3446 1495 1985 2966
1789064969 3449 1495 1986 2979
1789064974 3443 1495 1986 2988
1789064979 3434 1495 1986 2988
1789064984 3440 1495 1986 2992
1789064989 3408 1481 1975 2992
1789064994 3392 1471 1975 2992
1789064999 3362 1455 1975 2993
1789065004 3366 1439 2000 2993
1789065009 3420 1436 2012 3196
1789065014 3414 1436 2012 3233
1789065019 3403 1436 2012 3233
1789065024 3396 1436 2012 3233
1789065029 3395 1436 2012 3243
1789065034 3375 1423 2012 3250
1789065040 3383 1419 2012 3249
1789065045 3375 1426 2012 3250
1789065050 3395 1419 2011 3250
1789065055 3400 1419 2011 3250
1789065060 3392 1419 2011 3250
1789065065 3388 1419 2011 3266
1789065070 3381 1419 2011 3268
1789065075 3343 1412 1984 3268
1789065080 3464 1540 1984 3268
1789065085 3465 1530 1988 3268
1789065090 3511 1527 1996 3268
1789065095 3497 1527 1996 3268
1789065100 3483 1527 1996 3267
1789065105 3471 1527 1996 3267
1789065110 3461 1523 1996 3267
1789065115 3515 1585 1996 3268
1789065120 3499 1574 1996 3268
1789065125 3523 1579 2013 3268
1789065130 3662 1633 2053 3477
1789065136 3655 1633 2053 3478
1789065141 3659 1633 2053 3478
1789065146 3650 1633 2053 3478
1789065151 3637 1633 2053 3478
1789065156 3638 1633 2053 3478
1789065161 3640 1633 2053 3479
1789065166 2041 1633 0 1167
1789065171 2768 1636 1059 1174
1789065176 2760 1647 1059 1220
1789065181 2738 1657 1059 1282
