# run_phase12 start 2026-09-14T22:24:01Z args=--hours 10.5
L12|level|M_D|point=start|h=0.45|trained=6400|gained=0|cp7=19/100 = 0.190 [0.125,0.278]|cp7_stalls=0|heur=35/50 = 0.700 [0.562,0.809]|graduated=0
L12|start|M_D|ck=M_D_06400.pt|episodes=6400|cp7=19/100 = 0.190 [0.125,0.278]|heur=35/50 = 0.700 [0.562,0.809]|unseen=98/150 = 0.653 [0.574,0.725]|rows=BenchBurn=29/50;HoldoutControl=39/50;HoldoutMidrange=30/50
L12|check|M_D|n=0|h=0.54|trained=6400|opp=cp7|wr=4/25 = 0.16 [0.064,0.347]|selfrem=7/7|counter=31/38|flash_opp=5/74|ninja=2/3|biggest=18/24|cpg=3.84|consults_pg=61.2|tag=p12_M_D_start
L12|level|M_L|point=start|h=0.74|trained=6144|gained=0|cp7=35/100 = 0.350 [0.264,0.447]|cp7_stalls=0|heur=23/50 = 0.460 [0.330,0.596]|graduated=0
L12|start|M_L|ck=M_L_06144.pt|episodes=6144|cp7=35/100 = 0.350 [0.264,0.447]|heur=23/50 = 0.460 [0.330,0.596]|unseen=93/150 = 0.620 [0.540,0.694]|rows=BenchBurn=25/50;HoldoutControl=48/50;HoldoutMidrange=20/50
L12|check|M_L|n=0|h=0.77|trained=6144|opp=cp7|wr=11/25 = 0.44 [0.267,0.629]|smallbig=27/32(solver_no_block=15/24)|landsearch=42/738|cpg=4.76|consults_pg=49.6|tag=p12_M_L_start
L12|level|M_W|point=start|h=0.83|trained=1792|gained=0|cp7=58/100 = 0.580 [0.482,0.672]|cp7_stalls=0|heur=33/50 = 0.660 [0.522,0.776]|graduated=0
L12|start|M_W|ck=M_W_s1end.pt|episodes=1792|cp7=58/100 = 0.580 [0.482,0.672]|heur=33/50 = 0.660 [0.522,0.776]|unseen=116/150 = 0.773 [0.700,0.833]|rows=BenchBurn=41/50;HoldoutControl=50/50;HoldoutMidrange=25/50
L12|check|M_W|n=0|h=0.85|trained=1792|opp=cp7|wr=16/25 = 0.640 [0.445,0.798]|blocks_match=92/119|attack_windows=245|attacks_declared=225/245|attack_match=104/245|attacks_pg=9.0|cpg=10.88|consults_pg=33.8
L12|restore|M_D|agent.pt <- M_D_06400.pt|episodes=6400
L12|block|n=0|h=1.20|main=M_D|trained=6400->6656|opp=cp7|W/L/D/S=43/213/0/0|wr=0.168|errors=0|wall=1249s|rc=0
L12|tput|M_D|opp=cp7|episodes=256|wall=1249s|eps_per_h=738|h_per_1024=1.39
L12|check|M_D|n=0|h=1.30|trained=6656|opp=cp7|wr=7/25 = 0.28 [0.143,0.476]|selfrem=8/9|counter=32/44|flash_opp=3/83|ninja=3/3|biggest=23/24|cpg=4.32|consults_pg=68.8|tag=p12_M_D_n000_t06656
L12|done|reason=stopfile|blocks=1|h=1.30|graduated=none|M_D_trained=256|M_L_trained=0|M_W_trained=0
# run_phase12 exit rc=0 2026-09-14T23:42:02Z
# run_phase12 start 2026-09-14T23:42:35Z args=--hours 10.5 --mains M_D
L12|resume|n=1|h=1.31|todo=0
L12|block|n=1|h=1.45|main=M_D|trained=6656->6912|opp=heuristic|W/L/D/S=123/132/1/1|wr=0.480|errors=0|wall=503s|rc=0
L12|tput|M_D|opp=heuristic|episodes=256|wall=503s|eps_per_h=1831|h_per_1024=0.56
L12|check|M_D|n=1|h=1.53|trained=6912|opp=cp7|wr=6/25 = 0.24 [0.115,0.434]|selfrem=6/115|counter=6/88|flash_opp=0/73|ninja=0/0|biggest=11/12|cpg=3.72|consults_pg=71.3|tag=p12_M_D_n001_t06912
L12|block|n=2|h=1.91|main=M_D|trained=6912->7168|opp=cp7|W/L/D/S=40/216/0/0|wr=0.156|errors=0|wall=1389s|rc=0
L12|check|M_D|n=2|h=1.99|trained=7168|opp=cp7|wr=5/25 = 0.20 [0.089,0.391]|selfrem=2/255|counter=7/105|flash_opp=23/62|ninja=1/5|biggest=7/8|cpg=3.32|consults_pg=105.9|tag=p12_M_D_n002_t07168
L12|block|n=3|h=2.39|main=M_D|trained=7168->7424|opp=cp7|W/L/D/S=35/221/0/0|wr=0.137|errors=0|wall=1422s|rc=0
L12|check|M_D|n=3|h=2.48|trained=7424|opp=cp7|wr=4/25 = 0.16 [0.064,0.347]|selfrem=5/258|counter=3/103|flash_opp=8/66|ninja=1/1|biggest=13/16|cpg=3.60|consults_pg=85.0|tag=p12_M_D_n003_t07424
L12|level|M_D|point=train|h=2.83|trained=7424|gained=1024|cp7=18/100 = 0.180 [0.117,0.267]|cp7_stalls=0|heur=32/50 = 0.640 [0.501,0.759]|graduated=0
L12|block|n=4|h=3.22|main=M_D|trained=7424->7680|opp=cp7|W/L/D/S=42/214/0/0|wr=0.164|errors=0|wall=1379s|rc=0
L12|check|M_D|n=4|h=3.31|trained=7680|opp=cp7|wr=6/25 = 0.24 [0.115,0.434]|selfrem=4/294|counter=3/92|flash_opp=9/49|ninja=0/3|biggest=11/12|cpg=3.00|consults_pg=97.8|tag=p12_M_D_n004_t07680
L12|block|n=5|h=3.47|main=M_D|trained=7680->7936|opp=heuristic|W/L/D/S=155/101/0/0|wr=0.605|errors=0|wall=579s|rc=0
L12|check|M_D|n=5|h=3.57|trained=7936|opp=cp7|wr=3/25 = 0.12 [0.042,0.300]|selfrem=4/57|counter=6/95|flash_opp=6/47|ninja=1/11|biggest=6/7|cpg=2.88|consults_pg=89.8|tag=p12_M_D_n005_t07936
L12|block|n=6|h=3.95|main=M_D|trained=7936->8192|opp=cp7|W/L/D/S=41/215/0/0|wr=0.160|errors=0|wall=1365s|rc=0
L12|check|M_D|n=6|h=4.04|trained=8192|opp=cp7|wr=4/25 = 0.16 [0.064,0.347]|selfrem=7/154|counter=2/80|flash_opp=10/66|ninja=1/2|biggest=13/24|cpg=3.72|consults_pg=80.6|tag=p12_M_D_n006_t08192
L12|done|reason=stopfile|blocks=7|h=4.04|graduated=none|M_D_trained=1792|M_L_trained=0|M_W_trained=0
# run_phase12 exit rc=0 2026-09-15T02:26:27Z
# run_phase12 start 2026-09-15T02:26:43Z args=--hours 12 --mains M_D
L12|resume|n=7|h=4.05|todo=0
L12|block|n=7|h=4.42|main=M_D|trained=8192->8448|opp=cp7|W/L/D/S=45/211/0/0|wr=0.176|errors=0|wall=1348s|rc=0
L12|check|M_D|n=7|h=4.51|trained=8448|opp=cp7|wr=2/25 = 0.08 [0.022,0.250]|selfrem=1/148|counter=6/81|flash_opp=8/38|ninja=1/1|biggest=9/12|cpg=2.36|consults_pg=100.2|tag=p12_M_D_n007_t08448
L12|level|M_D|point=train|h=4.88|trained=8448|gained=2048|cp7=9/100 = 0.090 [0.048,0.162]|cp7_stalls=0|heur=25/50 = 0.500 [0.366,0.634]|graduated=0
L12|block|n=8|h=5.27|main=M_D|trained=8448->8704|opp=cp7|W/L/D/S=49/207/0/0|wr=0.191|errors=0|wall=1419s|rc=0
L12|check|M_D|n=8|h=5.35|trained=8704|opp=cp7|wr=7/25 = 0.28 [0.143,0.476]|selfrem=11/18|counter=20/37|flash_opp=17/76|ninja=1/3|biggest=14/23|cpg=4.04|consults_pg=75.7|tag=p12_M_D_n008_t08704
L12|block|n=9|h=5.50|main=M_D|trained=8704->8960|opp=heuristic|W/L/D/S=147/109/0/0|wr=0.574|errors=0|wall=552s|rc=0
L12|check|M_D|n=9|h=5.61|trained=8960|opp=cp7|wr=5/25 = 0.20 [0.089,0.391]|selfrem=9/89|counter=14/41|flash_opp=3/73|ninja=0/7|biggest=11/15|cpg=4.00|consults_pg=72.7|tag=p12_M_D_n009_t08960
L12|block|n=10|h=6.01|main=M_D|trained=8960->9216|opp=cp7|W/L/D/S=43/213/0/0|wr=0.168|errors=0|wall=1417s|rc=0
L12|check|M_D|n=10|h=6.10|trained=9216|opp=cp7|wr=5/25 = 0.20 [0.089,0.391]|selfrem=3/154|counter=7/88|flash_opp=13/62|ninja=1/1|biggest=4/7|cpg=3.24|consults_pg=95.5|tag=p12_M_D_n010_t09216
L12|block|n=11|h=6.49|main=M_D|trained=9216->9472|opp=cp7|W/L/D/S=26/230/0/0|wr=0.102|errors=0|wall=1412s|rc=0
L12|check|M_D|n=11|h=6.59|trained=9472|opp=cp7|wr=3/25 = 0.12 [0.042,0.300]|selfrem=1/114|counter=3/108|flash_opp=3/35|ninja=1/2|biggest=6/7|cpg=2.36|consults_pg=109.0|tag=p12_M_D_n011_t09472
L12|level|M_D|point=train|h=7.02|trained=9472|gained=3072|cp7=8/100 = 0.080 [0.041,0.150]|cp7_stalls=0|heur=26/50 = 0.520 [0.385,0.652]|graduated=0
L12|block|n=12|h=7.43|main=M_D|trained=9472->9728|opp=cp7|W/L/D/S=48/208/0/0|wr=0.188|errors=0|wall=1477s|rc=0
L12|check|M_D|n=12|h=7.54|trained=9728|opp=cp7|wr=7/25 = 0.28 [0.143,0.476]|selfrem=3/256|counter=4/107|flash_opp=20/47|ninja=3/3|biggest=3/5|cpg=2.88|consults_pg=118.9|tag=p12_M_D_n012_t09728
L12|block|n=13|h=7.71|main=M_D|trained=9728->9984|opp=heuristic|W/L/D/S=163/93/0/0|wr=0.637|errors=0|wall=594s|rc=0
L12|check|M_D|n=13|h=7.81|trained=9984|opp=cp7|wr=10/25 = 0.40 [0.234,0.593]|selfrem=15/132|counter=16/114|flash_opp=31/86|ninja=8/8|biggest=13/18|cpg=4.84|consults_pg=107.9|tag=p12_M_D_n013_t09984
L12|block|n=14|h=8.22|main=M_D|trained=9984->10240|opp=cp7|W/L/D/S=49/207/0/0|wr=0.191|errors=0|wall=1457s|rc=0
L12|check|M_D|n=14|h=8.33|trained=10240|opp=cp7|wr=2/25 = 0.08 [0.022,0.250]|selfrem=4/127|counter=5/110|flash_opp=21/52|ninja=2/8|biggest=7/17|cpg=3.00|consults_pg=108.3|tag=p12_M_D_n014_t10240
L12|block|n=15|h=8.76|main=M_D|trained=10240->10496|opp=cp7|W/L/D/S=63/193/0/0|wr=0.246|errors=0|wall=1546s|rc=0
L12|check|M_D|n=15|h=8.85|trained=10496|opp=cp7|wr=6/25 = 0.24 [0.115,0.434]|selfrem=7/122|counter=14/79|flash_opp=34/68|ninja=1/6|biggest=19/27|cpg=3.80|consults_pg=96.8|tag=p12_M_D_n015_t10496
L12|level|M_D|point=train|h=9.21|trained=10496|gained=4096|cp7=31/100 = 0.310 [0.228,0.406]|cp7_stalls=0|heur=38/50 = 0.760 [0.626,0.857]|graduated=0
L12|block|n=16|h=9.63|main=M_D|trained=10496->10752|opp=cp7|W/L/D/S=61/195/0/0|wr=0.238|errors=0|wall=1526s|rc=0
L12|check|M_D|n=16|h=9.72|trained=10752|opp=cp7|wr=6/25 = 0.24 [0.115,0.434]|selfrem=16/144|counter=47/76|flash_opp=15/77|ninja=0/3|biggest=18/29|cpg=4.36|consults_pg=88.6|tag=p12_M_D_n016_t10752
L12|block|n=17|h=9.92|main=M_D|trained=10752->11008|opp=heuristic|W/L/D/S=172/84/0/0|wr=0.672|errors=0|wall=715s|rc=0
L12|check|M_D|n=17|h=9.99|trained=11008|opp=cp7|wr=10/25 = 0.40 [0.234,0.593]|selfrem=17/148|counter=25/72|flash_opp=14/80|ninja=6/8|biggest=10/13|cpg=4.24|consults_pg=76.7|tag=p12_M_D_n017_t11008
L12|block|n=18|h=10.45|main=M_D|trained=11008->11264|opp=cp7|W/L/D/S=60/196/0/0|wr=0.234|errors=0|wall=1662s|rc=0
L12|check|M_D|n=18|h=10.58|trained=11264|opp=cp7|wr=5/25 = 0.20 [0.089,0.391]|selfrem=2/133|counter=8/107|flash_opp=10/73|ninja=0/0|biggest=12/23|cpg=3.80|consults_pg=90.8|tag=p12_M_D_n018_t11264
L12|block|n=19|h=11.02|main=M_D|trained=11264->11520|opp=cp7|W/L/D/S=51/205/0/0|wr=0.199|errors=0|wall=1592s|rc=0
L12|check|M_D|n=19|h=11.10|trained=11520|opp=cp7|wr=9/25 = 0.36 [0.202,0.555]|selfrem=11/144|counter=23/85|flash_opp=12/84|ninja=2/9|biggest=7/15|cpg=4.40|consults_pg=88.9|tag=p12_M_D_n019_t11520
L12|level|M_D|point=train|h=11.49|trained=11520|gained=5120|cp7=33/100 = 0.330 [0.246,0.427]|cp7_stalls=0|heur=39/50 = 0.780 [0.648,0.872]|graduated=0
L12|block|n=20|h=11.92|main=M_D|trained=11520->11776|opp=cp7|W/L/D/S=53/203/0/0|wr=0.207|errors=0|wall=1566s|rc=0
L12|check|M_D|n=20|h=12.01|trained=11776|opp=cp7|wr=2/25 = 0.08 [0.022,0.250]|selfrem=5/111|counter=9/101|flash_opp=7/65|ninja=0/15|biggest=7/15|cpg=3.32|consults_pg=94.4|tag=p12_M_D_n020_t11776
L12|level|M_D|point=end|h=12.49|trained=11776|gained=5376|cp7=21/100 = 0.210 [0.142,0.300]|cp7_stalls=0|heur=32/50 = 0.640 [0.501,0.759]|graduated=0
L12|end|M_D|trained=11776|gained=5376|cp7=21/100 = 0.210 [0.142,0.300]|heur=32/50 = 0.640 [0.501,0.759]|unseen=95/150 = 0.633 [0.554,0.706]|rows=BenchBurn=25/50;HoldoutControl=42/50;HoldoutMidrange=28/50
L12|done|reason=hours|blocks=21|h=12.50|graduated=none|M_D_trained=5376|M_L_trained=0|M_W_trained=0
# run_phase12 exit rc=0 2026-09-15T10:53:47Z
