1789067167 367 0 0 866
1789067172 594 0 0 959
1789067177 867 90 645 970
1789067182 1987 1233 717 1130
1789067187 3187 2089 1053 1097
1789067192 3413 2123 1234 1027
1789067197 3545 2177 1371 1006
1789067202 4008 2151 1867 2276
1789067207 4008 2151 1868 2351
1789067212 4003 2151 1868 2335
1789067217 3965 2104 1872 2348
1789067222 3979 2040 1946 2460
1789067227 3964 2040 1946 2460
1789067232 3961 2040 1946 2524
1789067237 3921 2021 1946 2524
1789067242 3970 2011 1969 2524
1789067247 3967 2011 1969 2509
1789067252 3961 2011 1969 2493
1789067257 3930 1993 1969 2493
1789067262 3970 1970 2029 2634
1789067268 3976 1970 2030 2644
1789067273 3955 1970 2030 2649
1789067278 3949 1970 2030 2649
1789067283 3929 1958 2030 2649
1789067288 3903 1928 2030 2631
1789067293 3862 1893 2038 2637
1789067298 3916 1892 2061 2827
1789067303 3920 1891 2062 2843
1789067308 3910 1891 2062 2880
1789067313 3907 1891 2062 2935
1789067318 3882 1887 2062 2919
1789067323 3868 1859 2062 2869
1789067328 4197 1833 2416 3047
1789067333 3900 1833 2103 3047
1789067338 3883 1833 2103 3048
1789067343 3876 1833 2103 3071
1789067348 3869 1833 2103 3071
1789067353 3876 1833 2103 3077
1789067358 3881 1846 2103 3081
1789067363 3907 1874 2103 3075
1789067368 3874 1829 2103 3106
1789067374 3925 1819 2127 3070
1789067379 3909 1819 2127 3085
1789067384 3898 1819 2127 3234
1789067389 3893 1819 2128 3165
1789067394 3889 1819 2128 3096
1789067399 3857 1800 2128 3116
1789067404 3852 1775 2128 3132
1789067409 3829 1746 2149 3203
1789067414 3924 1725 2218 3398
1789067419 3936 1725 2230 3469
1789067424 3925 1725 2230 3379
1789067429 3911 1725 2230 3388
1789067434 3902 1725 2230 3416
1789067439 3907 1725 2230 3568
1789067444 3899 1725 2230 3432
1789067449 3902 1725 2230 3484
1789067454 3893 1725 2230 3375
1789067459 2684 1725 868 1051
1789067464 2792 1675 1059 1047
1789067469 2743 1659 1059 1045
