Traceback (most recent call last):
  File "/Users/michaelsutanto/Documents/CardGuru-agent/benchmark/llm_bridge.py", line 112, in <module>
    main()
  File "/Users/michaelsutanto/Documents/CardGuru-agent/benchmark/llm_bridge.py", line 103, in main
    result = m.play(policy)
             ^^^^^^^^^^^^^^
  File "/Users/michaelsutanto/Documents/CardGuru-agent/cardguru/play.py", line 371, in play
    response = policy(request)
               ^^^^^^^^^^^^^^^
  File "/Users/michaelsutanto/Documents/CardGuru-agent/benchmark/llm_bridge.py", line 93, in policy
    resp = escalate(request)
           ^^^^^^^^^^^^^^^^^
  File "/Users/michaelsutanto/Documents/CardGuru-agent/benchmark/llm_bridge.py", line 74, in escalate
    return json.load(f)
           ^^^^^^^^^^^^
  File "/Library/Frameworks/Python.framework/Versions/3.11/lib/python3.11/json/__init__.py", line 293, in load
    return loads(fp.read(),
           ^^^^^^^^^^^^^^^^
  File "/Library/Frameworks/Python.framework/Versions/3.11/lib/python3.11/json/__init__.py", line 346, in loads
    return _default_decoder.decode(s)
           ^^^^^^^^^^^^^^^^^^^^^^^^^^
  File "/Library/Frameworks/Python.framework/Versions/3.11/lib/python3.11/json/decoder.py", line 337, in decode
    obj, end = self.raw_decode(s, idx=_w(s, 0).end())
               ^^^^^^^^^^^^^^^^^^^^^^^^^^^^^^^^^^^^^^
  File "/Library/Frameworks/Python.framework/Versions/3.11/lib/python3.11/json/decoder.py", line 355, in raw_decode
    raise JSONDecodeError("Expecting value", s, err.value) from None
json.decoder.JSONDecodeError: Expecting value: line 1 column 1 (char 0)
