B1|start|2026-09-14T15:27:25Z
CENSUSREC|b1_M_D_s1end_heuristic|rc=0|ckpt=/mnt/c/Users/sutanto4/Documents/CardGuru/rl/artifacts/v7/10/pool/M_D_s1end.pt|deck=BenchDimir|opp=heuristic|games=50|seed=11000|consults=5090|acts=5090|ends=50|wins=10 losses=40 draws=0 stalls=0 turns_per_ep=17.5|cand_refers_pool=True|rlgame_blocks=50|audit_lines=63
DC|b1_M_D_s1end_heuristic|games=50|W/L/D/cut=10/40/0/0|consults_with_choice=5090|no_choice=0|turns_per_game=17.48 [15.72,19.24] (n=50)
DC|b1_M_D_s1end_heuristic|consult_steps|own_main1:864 opp_damage:488 own_damage:455 opp_block:417 own_end:358 own_attack:333 opp_main1:324 own_main2:321 own_upkeep:297 own_draw:274 opp_upkeep:182 opp_attack:181 opp_end:173 opp_draw:172 opp_main2:172 own_block:79
DC|b1_M_D_s1end_heuristic|ninjutsu|offered_windows=3 (blockers 3, damage 0)|taken 3/3=1.000 [0.438,1.000] (blockers 3/3=1.000 [0.438,1.000], damage 0/0=nan)|games_with_window=3|hand_ACT_outside_combat=0 {}|opportunity_turns(attack, Kaito in hand, >=3 untapped lands)=4, with a blockers-step window=3|kaito_cast_as_spell=16 of 20 offers, steps {'main1': 13, 'main2': 3}
DC|b1_M_D_s1end_heuristic|flash|instant-speed windows offering a flash card: taken 34/2705=0.013 [0.009,0.018]|per card (taken/offered at instant speed) Floodpits Drowner 11/1911;Enduring Curiosity 5/500;The Wondrous Wasp 15/134;Nowhere to Run 3/1400|sorcery-speed windows: taken 22/499=0.044 [0.029,0.066]
DC|b1_M_D_s1end_heuristic|flash_casts|at instant speed 34/56=0.607 [0.476,0.724]|per card (instant/all) Floodpits Drowner 11/13;Enduring Curiosity 5/5;The Wondrous Wasp 15/35;Nowhere to Run 3/3
DC|b1_M_D_s1end_heuristic|flash_oppturn|windows on the OPPONENT's turn offering a flash card: taken 8/1387=0.006 [0.003,0.011]
DC|b1_M_D_s1end_heuristic|cast_timing|Floodpits Drowner own_draw:7 own_main:2 own_upkeep:4;Enduring Curiosity own_draw:4 own_upkeep:1;The Wondrous Wasp opp_turn:8 own_block:3 own_draw:2 own_main:20 own_upkeep:1 response:1;Nowhere to Run own_draw:2 own_upkeep:1;We Say Thee Nay! response:4;Bitter Triumph own_upkeep:2;Requiting Hex own_draw:3 own_main:3 own_upkeep:2;Kaito, Bane of Nightmares own_main:16
DC|b1_M_D_s1end_heuristic|counterspells|windows offering one: taken 4/102=0.039 [0.015,0.097]|offered with empty stack=0|per card (taken/offered) Spell Snare 0/17;Spell Pierce 0/15;We Say Thee Nay! 4/87
DC|b1_M_D_s1end_heuristic|instant_removal_casts|per card (instant/all) Bitter Triumph 2/2;Requiting Hex 5/8;Shoot the Sheriff 0/0
DC|b1_M_D_s1end_heuristic|removal_targeting|consults with >=1 enemy creature=8|highest-power enemy chosen 2/8=0.250 [0.071,0.591]|k>=2 enemy: P(highest) vs chance diff -0.617 [-0.850,-0.433] (n=5, chance 0.617)|not an enemy creature chosen=2|tapped chosen when an untapped >= power was legal 3/4=0.750 [0.301,0.954]|no enemy creature offered=8|per source (best/n) Bitter Triumph 0/2;Requiting Hex 2/5;Shoot the Sheriff 0/0;Nowhere to Run 0/1
DC|b1_M_D_s1end_heuristic|self_removal|removal offered with only own legal targets -> cast 2/432=0.005 [0.001,0.017]|per card (cast/offered) Requiting Hex 2/325;Bitter Triumph 0/136;Shoot the Sheriff 0/13|target level: first target consult after casting one of the three=9, own creature chosen=4 (no enemy creature offered: 2)|games with a self-removal cast=2
DC|b1_M_D_s1end_heuristic|board|creatures_cast_per_game=2.40 [1.90,2.90] (n=50)|first_creature_own_turn=3.00 [2.19,3.81] (n=45) (games with none: 5)|land_drops_by_own_turn4=2.62 [2.32,2.92] (n=50)|land_drops_per_game=4.08 [3.63,4.53] (n=50)
CENSUSREC|done|b1_M_D_s1end_heuristic|2026-09-14T15:30:14Z
CENSUSREC|b1_M_D_s1end_cp7|rc=0|ckpt=/mnt/c/Users/sutanto4/Documents/CardGuru/rl/artifacts/v7/10/pool/M_D_s1end.pt|deck=BenchDimir|opp=cp7|games=25|seed=11500|consults=2187|acts=2187|ends=25|wins=0 losses=25 draws=0 stalls=0 turns_per_ep=14.4|cand_refers_pool=True|rlgame_blocks=25|audit_lines=17
DC|b1_M_D_s1end_cp7|games=25|W/L/D/cut=0/25/0/0|consults_with_choice=2187|no_choice=0|turns_per_game=14.40 [12.66,16.14] (n=25)
DC|b1_M_D_s1end_cp7|consult_steps|own_main1:311 opp_damage:243 opp_main1:221 opp_block:211 own_damage:190 own_end:123 own_main2:122 own_draw:116 own_upkeep:113 own_attack:113 opp_attack:96 opp_upkeep:87 opp_draw:83 opp_end:76 opp_main2:71 own_block:11
DC|b1_M_D_s1end_cp7|ninjutsu|offered_windows=1 (blockers 1, damage 0)|taken 1/1=1.000 [0.207,1.000] (blockers 1/1=1.000 [0.207,1.000], damage 0/0=nan)|games_with_window=1|hand_ACT_outside_combat=0 {}|opportunity_turns(attack, Kaito in hand, >=3 untapped lands)=1, with a blockers-step window=1|kaito_cast_as_spell=3 of 4 offers, steps {'main1': 3}
DC|b1_M_D_s1end_cp7|flash|instant-speed windows offering a flash card: taken 10/1067=0.009 [0.005,0.017]|per card (taken/offered at instant speed) Floodpits Drowner 3/642;Enduring Curiosity 0/190;The Wondrous Wasp 7/42;Nowhere to Run 0/448|sorcery-speed windows: taken 7/185=0.038 [0.018,0.076]
DC|b1_M_D_s1end_cp7|flash_casts|at instant speed 10/17=0.588 [0.360,0.784]|per card (instant/all) Floodpits Drowner 3/4;Enduring Curiosity 0/0;The Wondrous Wasp 7/13;Nowhere to Run 0/0
DC|b1_M_D_s1end_cp7|flash_oppturn|windows on the OPPONENT's turn offering a flash card: taken 4/616=0.006 [0.003,0.017]
DC|b1_M_D_s1end_cp7|cast_timing|Floodpits Drowner own_draw:3 own_main:1;The Wondrous Wasp opp_turn:4 own_block:1 own_draw:1 own_main:6 own_upkeep:1;We Say Thee Nay! response:3;Requiting Hex own_draw:4 own_main:2 own_upkeep:1;Kaito, Bane of Nightmares own_main:3
DC|b1_M_D_s1end_cp7|counterspells|windows offering one: taken 3/40=0.075 [0.026,0.199]|offered with empty stack=0|per card (taken/offered) Spell Snare 0/8;Spell Pierce 0/7;We Say Thee Nay! 3/30
DC|b1_M_D_s1end_cp7|instant_removal_casts|per card (instant/all) Bitter Triumph 0/0;Requiting Hex 5/7;Shoot the Sheriff 0/0
DC|b1_M_D_s1end_cp7|removal_targeting|consults with >=1 enemy creature=2|highest-power enemy chosen 1/2=0.500 [0.095,0.905]|k>=2 enemy: P(highest) vs chance diff -0.333 [-0.333,-0.333] (n=1, chance 0.333)|not an enemy creature chosen=0|tapped chosen when an untapped >= power was legal 1/1=1.000 [0.207,1.000]|no enemy creature offered=3|per source (best/n) Bitter Triumph 0/0;Requiting Hex 1/2;Shoot the Sheriff 0/0;Nowhere to Run 0/0
DC|b1_M_D_s1end_cp7|self_removal|removal offered with only own legal targets -> cast 1/33=0.030 [0.005,0.153]|per card (cast/offered) Requiting Hex 1/34;Bitter Triumph 0/0;Shoot the Sheriff 0/0|target level: first target consult after casting one of the three=3, own creature chosen=1 (no enemy creature offered: 1)|games with a self-removal cast=1
DC|b1_M_D_s1end_cp7|board|creatures_cast_per_game=1.48 [1.16,1.80] (n=25)|first_creature_own_turn=2.64 [1.92,3.35] (n=22) (games with none: 3)|land_drops_by_own_turn4=2.76 [2.40,3.12] (n=25)|land_drops_per_game=3.64 [3.06,4.22] (n=25)
CENSUSREC|done|b1_M_D_s1end_cp7|2026-09-14T15:35:05Z
CENSUSREC|b1_M_D_04096_heuristic|rc=0|ckpt=/mnt/c/Users/sutanto4/Documents/CardGuru/rl/artifacts/v7/10/pool/M_D_04096.pt|deck=BenchDimir|opp=heuristic|games=50|seed=11000|consults=1625|acts=1625|ends=50|wins=25 losses=25 draws=0 stalls=0 turns_per_ep=19.2|cand_refers_pool=True|rlgame_blocks=50|audit_lines=62
DC|b1_M_D_04096_heuristic|games=50|W/L/D/cut=25/25/0/0|consults_with_choice=1625|no_choice=0|turns_per_game=19.18 [17.64,20.72] (n=50)
DC|b1_M_D_04096_heuristic|consult_steps|own_main1:721 own_upkeep:262 own_attack:202 opp_block:202 own_draw:119 own_main2:26 opp_end:25 own_end:22 own_damage:16 opp_main1:15 own_block:14 opp_main2:1
DC|b1_M_D_04096_heuristic|ninjutsu|offered_windows=6 (blockers 4, damage 2)|taken 6/6=1.000 [0.610,1.000] (blockers 4/4=1.000 [0.510,1.000], damage 2/2=1.000 [0.342,1.000])|games_with_window=5|hand_ACT_outside_combat=0 {}|opportunity_turns(attack, Kaito in hand, >=3 untapped lands)=5, with a blockers-step window=4|kaito_cast_as_spell=28 of 33 offers, steps {'main1': 28}
DC|b1_M_D_04096_heuristic|flash|instant-speed windows offering a flash card: taken 148/161=0.919 [0.867,0.952]|per card (taken/offered at instant speed) Floodpits Drowner 50/67;Enduring Curiosity 34/34;The Wondrous Wasp 47/55;Nowhere to Run 17/21|sorcery-speed windows: taken 25/54=0.463 [0.337,0.594]
DC|b1_M_D_04096_heuristic|flash_casts|at instant speed 148/173=0.855 [0.795,0.900]|per card (instant/all) Floodpits Drowner 50/54;Enduring Curiosity 34/38;The Wondrous Wasp 47/53;Nowhere to Run 17/28
DC|b1_M_D_04096_heuristic|flash_oppturn|windows on the OPPONENT's turn offering a flash card: taken 0/0=nan
DC|b1_M_D_04096_heuristic|cast_timing|Floodpits Drowner own_draw:19 own_main:4 own_upkeep:30 response:1;Enduring Curiosity own_draw:6 own_main:4 own_upkeep:28;The Wondrous Wasp own_draw:16 own_main:6 own_upkeep:31;Nowhere to Run own_damage:1 own_draw:4 own_main:11 own_upkeep:12;Spell Snare response:11;Spell Pierce response:6;We Say Thee Nay! response:37;Bitter Triumph own_damage:2 own_draw:8 own_main:10 own_upkeep:13;Requiting Hex opp_turn:2 own_draw:7 own_main:12 own_upkeep:15 response:4;Shoot the Sheriff own_draw:5 own_main:2 own_upkeep:4 response:1;Kaito, Bane of Nightmares own_main:28
DC|b1_M_D_04096_heuristic|counterspells|windows offering one: taken 54/56=0.964 [0.879,0.990]|offered with empty stack=0|per card (taken/offered) Spell Snare 11/13;Spell Pierce 6/12;We Say Thee Nay! 37/48
DC|b1_M_D_04096_heuristic|instant_removal_casts|per card (instant/all) Bitter Triumph 23/33;Requiting Hex 28/40;Shoot the Sheriff 10/12
DC|b1_M_D_04096_heuristic|removal_targeting|consults with >=1 enemy creature=44|highest-power enemy chosen 37/44=0.841 [0.706,0.921]|k>=2 enemy: P(highest) vs chance diff +0.088 [-0.071,+0.246] (n=20, chance 0.662)|not an enemy creature chosen=3|tapped chosen when an untapped >= power was legal 5/10=0.500 [0.237,0.763]|no enemy creature offered=65|per source (best/n) Bitter Triumph 13/18;Requiting Hex 14/15;Shoot the Sheriff 4/5;Nowhere to Run 6/6
DC|b1_M_D_04096_heuristic|self_removal|removal offered with only own legal targets -> cast 23/23=1.000 [0.857,1.000]|per card (cast/offered) Requiting Hex 13/15;Bitter Triumph 9/9;Shoot the Sheriff 1/1|target level: first target consult after casting one of the three=67, own creature chosen=20 (no enemy creature offered: 19)|games with a self-removal cast=19
DC|b1_M_D_04096_heuristic|board|creatures_cast_per_game=4.34 [3.86,4.82] (n=50)|first_creature_own_turn=2.53 [1.99,3.08] (n=49) (games with none: 1)|land_drops_by_own_turn4=3.68 [3.38,3.98] (n=50)|land_drops_per_game=6.50 [5.90,7.10] (n=50)
CENSUSREC|done|b1_M_D_04096_heuristic|2026-09-14T15:37:00Z
CENSUSREC|b1_M_D_04096_cp7|rc=0|ckpt=/mnt/c/Users/sutanto4/Documents/CardGuru/rl/artifacts/v7/10/pool/M_D_04096.pt|deck=BenchDimir|opp=cp7|games=25|seed=11500|consults=764|acts=764|ends=25|wins=7 losses=18 draws=0 stalls=0 turns_per_ep=18.4|cand_refers_pool=True|rlgame_blocks=25|audit_lines=32
DC|b1_M_D_04096_cp7|games=25|W/L/D/cut=7/18/0/0|consults_with_choice=764|no_choice=0|turns_per_game=18.44 [16.67,20.21] (n=25)
DC|b1_M_D_04096_cp7|consult_steps|own_main1:366 own_upkeep:115 opp_block:113 own_attack:66 own_draw:56 opp_main1:16 opp_end:13 own_main2:11 own_damage:5 own_block:2 own_end:1
DC|b1_M_D_04096_cp7|ninjutsu|offered_windows=1 (blockers 1, damage 0)|taken 1/1=1.000 [0.207,1.000] (blockers 1/1=1.000 [0.207,1.000], damage 0/0=nan)|games_with_window=1|hand_ACT_outside_combat=0 {}|opportunity_turns(attack, Kaito in hand, >=3 untapped lands)=3, with a blockers-step window=1|kaito_cast_as_spell=15 of 21 offers, steps {'main1': 15}
DC|b1_M_D_04096_cp7|flash|instant-speed windows offering a flash card: taken 61/68=0.897 [0.802,0.949]|per card (taken/offered at instant speed) Floodpits Drowner 19/29;Enduring Curiosity 15/17;The Wondrous Wasp 16/17;Nowhere to Run 11/11|sorcery-speed windows: taken 13/27=0.481 [0.307,0.660]
DC|b1_M_D_04096_cp7|flash_casts|at instant speed 61/74=0.824 [0.722,0.894]|per card (instant/all) Floodpits Drowner 19/21;Enduring Curiosity 15/17;The Wondrous Wasp 16/21;Nowhere to Run 11/15
DC|b1_M_D_04096_cp7|flash_oppturn|windows on the OPPONENT's turn offering a flash card: taken 0/0=nan
DC|b1_M_D_04096_cp7|cast_timing|Floodpits Drowner own_damage:1 own_draw:4 own_main:2 own_upkeep:14;Enduring Curiosity own_draw:2 own_main:2 own_upkeep:13;The Wondrous Wasp own_damage:3 own_draw:5 own_main:5 own_upkeep:8;Nowhere to Run own_draw:6 own_main:4 own_upkeep:5;Spell Snare response:5;Spell Pierce response:4;We Say Thee Nay! response:17;Bitter Triumph own_draw:6 own_main:3 own_upkeep:5;Requiting Hex opp_turn:1 own_draw:4 own_main:12 own_upkeep:2 response:4;Shoot the Sheriff opp_turn:1 own_draw:1 own_main:3 own_upkeep:1;Kaito, Bane of Nightmares own_main:15
DC|b1_M_D_04096_cp7|counterspells|windows offering one: taken 26/26=1.000 [0.871,1.000]|offered with empty stack=0|per card (taken/offered) Spell Snare 5/7;Spell Pierce 4/4;We Say Thee Nay! 17/19
DC|b1_M_D_04096_cp7|instant_removal_casts|per card (instant/all) Bitter Triumph 11/14;Requiting Hex 11/23;Shoot the Sheriff 3/6
DC|b1_M_D_04096_cp7|removal_targeting|consults with >=1 enemy creature=24|highest-power enemy chosen 18/24=0.750 [0.551,0.880]|k>=2 enemy: P(highest) vs chance diff -0.006 [-0.222,+0.233] (n=15, chance 0.606)|not an enemy creature chosen=2|tapped chosen when an untapped >= power was legal 4/7=0.571 [0.250,0.842]|no enemy creature offered=25|per source (best/n) Bitter Triumph 5/9;Requiting Hex 7/8;Shoot the Sheriff 3/3;Nowhere to Run 3/4
DC|b1_M_D_04096_cp7|self_removal|removal offered with only own legal targets -> cast 7/7=1.000 [0.646,1.000]|per card (cast/offered) Requiting Hex 4/4;Bitter Triumph 2/2;Shoot the Sheriff 1/1|target level: first target consult after casting one of the three=28, own creature chosen=6 (no enemy creature offered: 6)|games with a self-removal cast=5
DC|b1_M_D_04096_cp7|board|creatures_cast_per_game=3.44 [2.82,4.06] (n=25)|first_creature_own_turn=1.92 [1.28,2.55] (n=24) (games with none: 1)|land_drops_by_own_turn4=4.16 [3.79,4.53] (n=25)|land_drops_per_game=7.00 [6.24,7.76] (n=25)
CENSUSREC|done|b1_M_D_04096_cp7|2026-09-14T15:44:06Z
CENSUSREC|b1_M_L_s1end_heuristic|rc=0|ckpt=/mnt/c/Users/sutanto4/Documents/CardGuru/rl/artifacts/v7/10/pool/M_L_s1end.pt|deck=G1Landfall|opp=heuristic|games=50|seed=11000|consults=1614|acts=1614|ends=50|wins=16 losses=34 draws=0 stalls=0 turns_per_ep=15.5|cand_refers_pool=True|rlgame_blocks=50|audit_lines=169
LC|b1_M_L_s1end_heuristic|games=50|W/L/D/cut=16/34/0/0|consults_with_choice=1614|no_choice=0|turns_per_game=15.54 [14.65,16.43] (n=50)
LC|b1_M_L_s1end_heuristic|land_drops|per_game=5.52 [5.14,5.90] (n=50)|per_own_turn_with_a_consult=0.721 (276/383)
LC|b1_M_L_s1end_heuristic|precombat_land_drop|on attack turns 128/128=1.000 [0.971,1.000]|all own turns 276/276=1.000 [0.986,1.000]
LC|b1_M_L_s1end_heuristic|landfall_attacks|P(a landfall creature attacks | one can): with a land drop before the declaration 128/128=1.000 [0.971,1.000]; without 72/72=1.000 [0.949,1.000]
LC|b1_M_L_s1end_heuristic|land_search|cast 127 of 282 offering consults|precombat on a landfall-attack turn=73|by card:step Evolving Wilds:main1 43;Harrow:draw 7;Harrow:main1 11;Harrow:upkeep 5;Nissa's Pilgrimage:main1 20;Rampant Growth:main1 41
LC|b1_M_L_s1end_heuristic|adventuring_gear|cast 25/55=0.455 [0.330,0.585]|equip 186/324=0.574 [0.520,0.627]
LC|b1_M_L_s1end_heuristic|blocks|consults=169|blocked 169/169=1.000 [0.978,1.000]|small-into-big pairs (blocker P and T both lower) 121/187=0.647 [0.576,0.712] [source: recording]
LC|b1_M_L_s1end_heuristic|blocks_audit|source=rec_b1_M_L_s1end_heuristic.audit.txt|combats=169|policy block pairs=170|small-into-big 106/170=0.624 [0.549,0.693]|of those the solver would not block 43/106=0.406 [0.317,0.501]|unparsed=0
CENSUSREC|done|b1_M_L_s1end_heuristic|2026-09-14T15:45:21Z
CENSUSREC|b1_M_L_s1end_cp7|rc=0|ckpt=/mnt/c/Users/sutanto4/Documents/CardGuru/rl/artifacts/v7/10/pool/M_L_s1end.pt|deck=G1Landfall|opp=cp7|games=25|seed=11500|consults=737|acts=737|ends=25|wins=8 losses=17 draws=0 stalls=0 turns_per_ep=16.3|cand_refers_pool=True|rlgame_blocks=25|audit_lines=63
LC|b1_M_L_s1end_cp7|games=25|W/L/D/cut=8/17/0/0|consults_with_choice=737|no_choice=0|turns_per_game=16.32 [14.49,18.15] (n=25)
LC|b1_M_L_s1end_cp7|land_drops|per_game=5.64 [4.90,6.38] (n=25)|per_own_turn_with_a_consult=0.709 (141/199)
LC|b1_M_L_s1end_cp7|precombat_land_drop|on attack turns 69/69=1.000 [0.947,1.000]|all own turns 141/141=1.000 [0.973,1.000]
LC|b1_M_L_s1end_cp7|landfall_attacks|P(a landfall creature attacks | one can): with a land drop before the declaration 69/69=1.000 [0.947,1.000]; without 43/43=1.000 [0.918,1.000]
LC|b1_M_L_s1end_cp7|land_search|cast 72 of 135 offering consults|precombat on a landfall-attack turn=38|by card:step Evolving Wilds:main1 26;Harrow:draw 7;Harrow:main1 4;Harrow:upkeep 5;Nissa's Pilgrimage:main1 11;Rampant Growth:main1 19
LC|b1_M_L_s1end_cp7|adventuring_gear|cast 7/19=0.368 [0.191,0.590]|equip 50/76=0.658 [0.546,0.755]
LC|b1_M_L_s1end_cp7|blocks|consults=63|blocked 63/63=1.000 [0.943,1.000]|small-into-big pairs (blocker P and T both lower) 71/72=0.986 [0.925,0.998] [source: recording]
LC|b1_M_L_s1end_cp7|blocks_audit|source=rec_b1_M_L_s1end_cp7.audit.txt|combats=63|policy block pairs=63|small-into-big 63/63=1.000 [0.943,1.000]|of those the solver would not block 31/63=0.492 [0.373,0.612]|unparsed=0
CENSUSREC|done|b1_M_L_s1end_cp7|2026-09-14T15:47:52Z
CENSUSREC|b1_M_L_03840_heuristic|rc=0|ckpt=/mnt/c/Users/sutanto4/Documents/CardGuru/rl/artifacts/v7/10/pool/M_L_03840.pt|deck=G1Landfall|opp=heuristic|games=50|seed=11000|consults=1219|acts=1219|ends=50|wins=29 losses=21 draws=0 stalls=0 turns_per_ep=11.8|cand_refers_pool=True|rlgame_blocks=50|audit_lines=121
LC|b1_M_L_03840_heuristic|games=50|W/L/D/cut=29/21/0/0|consults_with_choice=1219|no_choice=0|turns_per_game=11.84 [11.27,12.41] (n=50)
LC|b1_M_L_03840_heuristic|land_drops|per_game=4.66 [4.35,4.97] (n=50)|per_own_turn_with_a_consult=0.782 (233/298)
LC|b1_M_L_03840_heuristic|precombat_land_drop|on attack turns 144/144=1.000 [0.974,1.000]|all own turns 233/233=1.000 [0.984,1.000]
LC|b1_M_L_03840_heuristic|landfall_attacks|P(a landfall creature attacks | one can): with a land drop before the declaration 144/144=1.000 [0.974,1.000]; without 61/61=1.000 [0.941,1.000]
LC|b1_M_L_03840_heuristic|land_search|cast 98 of 248 offering consults|precombat on a landfall-attack turn=88|by card:step Evolving Wilds:main1 37;Harrow:draw 1;Harrow:main1 13;Harrow:upkeep 2;Nissa's Pilgrimage:main1 10;Rampant Growth:main1 35
LC|b1_M_L_03840_heuristic|adventuring_gear|cast 24/50=0.480 [0.348,0.615]|equip 9/176=0.051 [0.027,0.094]
LC|b1_M_L_03840_heuristic|blocks|consults=121|blocked 12/121=0.099 [0.058,0.165]|small-into-big pairs (blocker P and T both lower) 9/13=0.692 [0.424,0.873] [source: recording]
LC|b1_M_L_03840_heuristic|blocks_audit|source=rec_b1_M_L_03840_heuristic.audit.txt|combats=121|policy block pairs=9|small-into-big 6/9=0.667 [0.354,0.879]|of those the solver would not block 1/6=0.167 [0.030,0.564]|unparsed=0
CENSUSREC|done|b1_M_L_03840_heuristic|2026-09-14T15:48:54Z
CENSUSREC|b1_M_L_03840_cp7|rc=0|ckpt=/mnt/c/Users/sutanto4/Documents/CardGuru/rl/artifacts/v7/10/pool/M_L_03840.pt|deck=G1Landfall|opp=cp7|games=25|seed=11500|consults=548|acts=548|ends=25|wins=5 losses=20 draws=0 stalls=0 turns_per_ep=12.9|cand_refers_pool=True|rlgame_blocks=25|audit_lines=48
LC|b1_M_L_03840_cp7|games=25|W/L/D/cut=5/20/0/0|consults_with_choice=548|no_choice=0|turns_per_game=12.92 [11.77,14.07] (n=25)
LC|b1_M_L_03840_cp7|land_drops|per_game=4.96 [4.24,5.68] (n=25)|per_own_turn_with_a_consult=0.795 (124/156)
LC|b1_M_L_03840_cp7|precombat_land_drop|on attack turns 72/72=1.000 [0.949,1.000]|all own turns 124/124=1.000 [0.970,1.000]
LC|b1_M_L_03840_cp7|landfall_attacks|P(a landfall creature attacks | one can): with a land drop before the declaration 72/72=1.000 [0.949,1.000]; without 22/22=1.000 [0.851,1.000]
LC|b1_M_L_03840_cp7|land_search|cast 57 of 114 offering consults|precombat on a landfall-attack turn=35|by card:step Evolving Wilds:main1 19;Harrow:draw 6;Harrow:main1 7;Harrow:upkeep 2;Nissa's Pilgrimage:main1 7;Rampant Growth:main1 16
LC|b1_M_L_03840_cp7|adventuring_gear|cast 5/9=0.556 [0.267,0.811]|equip 7/31=0.226 [0.114,0.398]
LC|b1_M_L_03840_cp7|blocks|consults=48|blocked 7/48=0.146 [0.072,0.272]|small-into-big pairs (blocker P and T both lower) 13/14=0.929 [0.685,0.987] [source: recording]
LC|b1_M_L_03840_cp7|blocks_audit|source=rec_b1_M_L_03840_cp7.audit.txt|combats=48|policy block pairs=12|small-into-big 12/12=1.000 [0.757,1.000]|of those the solver would not block 2/12=0.167 [0.047,0.448]|unparsed=0
CENSUSREC|done|b1_M_L_03840_cp7|2026-09-14T15:50:21Z
B1|done|2026-09-14T15:50:21Z
