1789063524 349 0 0 1113
1789063529 579 0 0 1112
1789063534 764 0 531 1112
1789063539 1617 965 531 1116
1789063544 2175 1497 542 1122
1789063549 2210 1505 526 1124
1789063554 2373 1546 664 1123
1789063559 3632 1569 1926 1123
1789063564 3729 1569 2016 1123
1789063569 3809 1569 2098 1126
1789063574 3792 1569 2095 1126
1789063579 3771 1569 2095 1126
1789063584 3756 1569 2086 1127
1789063590 3667 1569 2001 1128
1789063595 3698 1569 2038 1128
1789063600 3690 1569 2035 1128
1789063605 3684 1569 2035 1128
1789063610 3690 1569 2032 1132
1789063615 3681 1569 2026 1129
1789063620 3680 1569 2026 1130
1789063625 3676 1569 2017 1137
1789063630 3670 1569 2017 1138
1789063635 3660 1569 2010 1138
1789063640 3671 1569 2010 1146
1789063645 3673 1569 2010 1146
1789063650 3666 1569 2010 1144
1789063655 3666 1569 2010 1143
1789063660 3488 1573 1830 1143
1789063665 3509 1606 1830 1143
1789063671 4866 1582 3183 1144
1789063676 5003 1582 3306 1144
1789063681 5013 1582 3292 1144
1789063686 5002 1582 3292 1144
1789063692 4980 1582 3292 1145
1789063697 4966 1582 3292 1145
1789063702 4967 1582 3292 1146
1789063707 4969 1582 3292 1149
1789063713 5102 1582 3427 1149
1789063718 5116 1582 3427 1150
1789063723 5105 1582 3427 1151
1789063729 5102 1582 3427 1153
1789063734 4982 1575 3231 1153
1789063739 4988 1573 3325 1153
1789063744 5132 1565 3418 1163
1789063749 5112 1565 3423 1163
1789063754 5088 1565 3423 1164
1789063759 5094 1565 3449 1167
1789063764 5092 1565 3449 1167
1789063769 5087 1565 3449 1167
1789063774 5093 1565 3449 1167
1789063779 5074 1565 3423 1166
1789063784 5115 1565 3472 1166
1789063789 5119 1565 3472 1167
1789063794 5131 1565 3472 1168
1789063799 5130 1565 3472 1168
1789063804 5223 1565 3554 1168
1789063809 5224 1565 3554 1168
1789063815 5210 1565 3554 1169
1789063820 5201 1565 3554 1169
1789063825 5204 1565 3554 1169
1789063830 5219 1565 3554 1169
1789063835 5218 1565 3554 1170
1789063840 5218 1565 3554 1171
1789063845 5086 1562 3438 1169
1789063850 5069 1554 3438 1169
1789063855 5473 1537 3863 1169
1789063861 6396 1537 4755 1169
1789063866 6409 1537 4755 1170
1789063871 6418 1537 4774 1174
1789063876 6525 1537 4910 1167
1789063882 6544 1537 4910 1167
1789063887 6533 1537 4910 1167
1789063892 6535 1537 4910 1167
1789063897 6539 1537 4910 1166
1789063903 6536 1537 4910 1171
1789063908 6543 1537 4910 1171
1789063913 6553 1537 4919 1171
1789063918 6560 1537 4919 1172
1789063924 6550 1537 4919 1172
1789063929 6548 1537 4919 1172
1789063934 6183 1536 4544 1172
1789063939 6261 1517 4640 1172
1789063944 6336 1492 4735 1172
1789063949 6688 1497 5069 1172
1789063954 6805 1480 5188 1173
1789063959 6792 1480 5188 1174
1789063964 6772 1480 5188 1174
1789063970 6760 1480 5188 1175
1789063975 6756 1480 5188 1175
1789063980 6756 1480 5188 1175
1789063985 6759 1480 5188 1175
1789063990 6756 1480 5188 1175
1789063995 6756 1480 5188 1177
1789064000 6758 1480 5188 1178
1789064005 6764 1480 5188 1178
1789064010 6766 1480 5188 1178
1789064015 6763 1480 5188 1178
1789064020 6765 1480 5188 1178
1789064025 6765 1480 5188 1178
1789064030 6750 1480 5161 1178
1789064035 6742 1480 5161 1180
1789064040 6736 1480 5161 1181
1789064045 6733 1480 5161 1181
1789064050 6731 1480 5161 1181
1789064055 6738 1480 5161 1182
1789064061 6740 1480 5161 1182
1789064066 6738 1480 5161 1183
1789064071 6748 1480 5180 1184
1789064076 6759 1480 5180 1184
1789064081 6757 1480 5180 1184
1789064086 6762 1480 5180 1184
1789064091 6761 1480 5180 1184
1789064096 6756 1480 5180 1183
1789064101 6757 1480 5180 1183
1789064106 6764 1480 5180 1183
1789064111 6480 1470 4916 1184
1789064116 6467 1455 4916 1183
1789064121 7406 1442 5815 1184
1789064127 7678 1442 6059 1184
1789064132 7946 1442 6313 1184
1789064137 7955 1442 6313 1185
1789064143 7920 1442 6313 1171
1789064148 7931 1442 6372 1172
1789064153 7916 1442 6372 1172
1789064158 7912 1442 6372 1172
1789064164 7915 1442 6372 1178
1789064169 7893 1442 6345 1178
1789064174 7889 1442 6345 1172
1789064179 7890 1442 6345 1172
1789064185 7891 1442 6345 1177
1789064190 7887 1442 6345 1178
1789064195 7889 1442 6345 1179
1789064201 7828 1442 6282 1184
1789064206 7823 1442 6282 1179
1789064211 7821 1442 6282 1179
1789064216 7119 1437 5578 1179
1789064221 7216 1433 5673 1179
1789064226 7294 1426 5764 1179
1789064231 7717 1437 6161 1179
1789064236 7710 1437 6161 1178
1789064241 7318 1437 5780 1178
1789064246 7314 1437 5780 1180
1789064251 7307 1437 5780 1203
1789064257 7378 1437 5842 1198
1789064262 7393 1437 5842 1198
1789064267 7383 1437 5842 1200
1789064272 7392 1437 5861 1201
1789064277 7397 1437 5861 1218
1789064282 7399 1437 5861 1208
1789064287 7402 1437 5861 1167
1789064292 7385 1437 5843 1113
1789064297 7386 1437 5843 1111
1789064302 7386 1437 5843 1111
1789064307 7386 1437 5843 1116
1789064312 7386 1437 5843 1116
1789064317 7382 1437 5843 1111
1789064322 7388 1437 5843 1117
1789064327 7549 1437 5990 1111
1789064332 7543 1437 5990 1118
1789064337 7536 1437 5990 1112
1789064343 7530 1437 5990 1118
1789064348 7530 1437 5990 1117
1789064353 7537 1437 5990 1117
1789064358 7528 1437 5990 1117
1789064363 7514 1437 5971 1119
1789064368 7519 1437 5971 1119
1789064373 7518 1437 5971 1119
1789064378 7513 1437 5971 1120
1789064383 7512 1437 5971 1120
1789064388 7519 1437 5971 1121
1789064393 7513 1437 5971 1121
1789064398 7514 1437 5971 1121
1789064403 7511 1437 5971 1121
1789064408 7516 1437 5971 1121
1789064413 7511 1437 5971 1121
1789064418 7506 1437 5971 1122
1789064423 7509 1437 5971 1125
1789064428 7516 1437 5971 1125
1789064434 7511 1437 5971 1126
1789064439 7505 1436 5971 1126
1789064444 7517 1436 5971 1126
1789064449 7514 1436 5971 1126
1789064454 7511 1436 5971 1127
1789064459 7514 1436 5971 1127
1789064464 7516 1436 5971 1127
1789064469 7185 1432 5648 1127
1789064474 7243 1486 5648 1127
1789064479 7226 1483 5648 1127
1789064484 7250 1501 5657 1127
1789064489 9466 1536 7801 1119
1789064495 9470 1536 7802 1126
1789064500 9467 1536 7802 1126
1789064505 9456 1536 7802 1127
1789064510 9450 1536 7802 1128
1789064516 9441 1536 7802 1128
1789064521 9439 1536 7802 1128
1789064526 9441 1536 7802 1128
1789064531 9438 1536 7802 1128
1789064537 9442 1536 7802 1128
1789064542 9463 1536 7830 1128
1789064547 9461 1536 7830 1128
1789064553 9468 1536 7830 1128
1789064558 9467 1536 7830 1122
1789064563 9464 1536 7830 1122
1789064569 9461 1536 7830 1122
1789064574 9457 1536 7830 1127
1789064579 9440 1536 7810 1122
1789064584 9446 1536 7810 1123
1789064590 8682 1536 7048 1123
1789064595 2170 1536 442 1123
1789064600 2214 1543 548 1122
1789064605 2213 1550 548 1122
