R0_INIT|from=/home/user/CardGuru/rl/artifacts/v7/13/bc/bc.pt|episodes=0
R0_START|BenchDimir|seed=41|budget=256|resume_at=0|out=/tmp/rl_14_d2b|league=cp7::BenchDimir.dck|driver=7912
R0|BenchDimir|s41|trained=0|ck_eps=0|D0=skip|D1=skip|TWIN=skip|blocks=0/0|BLOCKOPT=0/0|gap=0|attacks=0/0|ATKOPT=0/0|ATKOPTCA=0/0|under_over=0/0|turns=
R0_OPP|trained=0|block=0|kind=cp7|arg=|deck=BenchDimir.dck
R0|BenchDimir|s41|trained=256|ck_eps=256|D0=skip|D1=skip|TWIN=skip|blocks=0/0|BLOCKOPT=0/0|gap=0|attacks=0/0|ATKOPT=0/0|ATKOPTCA=0/0|under_over=0/0|turns=
R0_DONE|BenchDimir|s41|trained=256|out=/tmp/rl_14_d2b
R0_INIT|from=/home/user/CardGuru/rl/artifacts/v7/13/bc/bc.pt|episodes=0
R0_START|BenchDimir|seed=41|budget=512|resume_at=256|out=/tmp/rl_14_d2b|league=cp7::BenchDimir.dck|driver=7912
R0_OPP|trained=256|block=0|kind=cp7|arg=|deck=BenchDimir.dck
R0|BenchDimir|s41|trained=512|ck_eps=512|D0=skip|D1=skip|TWIN=skip|blocks=0/0|BLOCKOPT=0/0|gap=0|attacks=0/0|ATKOPT=0/0|ATKOPTCA=0/0|under_over=0/0|turns=
R0_DONE|BenchDimir|s41|trained=512|out=/tmp/rl_14_d2b
R0_INIT|from=/home/user/CardGuru/rl/artifacts/v7/13/bc/bc.pt|episodes=0
R0_START|BenchDimir|seed=41|budget=768|resume_at=512|out=/tmp/rl_14_d2b|league=cp7::BenchDimir.dck|driver=7912
R0_OPP|trained=512|block=0|kind=cp7|arg=|deck=BenchDimir.dck
R0|BenchDimir|s41|trained=768|ck_eps=768|D0=skip|D1=skip|TWIN=skip|blocks=0/0|BLOCKOPT=0/0|gap=0|attacks=0/0|ATKOPT=0/0|ATKOPTCA=0/0|under_over=0/0|turns=
R0_DONE|BenchDimir|s41|trained=768|out=/tmp/rl_14_d2b
R0_INIT|from=/home/user/CardGuru/rl/artifacts/v7/13/bc/bc.pt|episodes=0
R0_START|BenchDimir|seed=41|budget=1024|resume_at=768|out=/tmp/rl_14_d2b|league=cp7::BenchDimir.dck|driver=7912
R0_OPP|trained=768|block=0|kind=cp7|arg=|deck=BenchDimir.dck
R0|BenchDimir|s41|trained=1024|ck_eps=1024|D0=skip|D1=skip|TWIN=skip|blocks=0/0|BLOCKOPT=0/0|gap=0|attacks=0/0|ATKOPT=0/0|ATKOPTCA=0/0|under_over=0/0|turns=
R0_DONE|BenchDimir|s41|trained=1024|out=/tmp/rl_14_d2b
