1789061604 382 0 0 1153
1789061609 614 0 0 1152
1789061614 740 0 530 1152
1789061619 1797 1106 530 1152
1789061624 2660 1902 540 1154
1789061630 2841 2090 558 1155
1789061635 2953 2078 678 1202
1789061640 3484 2002 1269 1206
1789061645 4169 2002 1965 1205
1789061650 4159 2002 1965 1203
1789061655 4154 2002 1965 1204
1789061660 4134 2002 1965 1205
1789061665 4152 2002 1985 1205
1789061670 4184 2002 2025 1207
1789061675 4170 2002 2011 1206
1789061680 4151 2002 2000 1217
1789061685 4140 2002 2000 1214
1789061690 4114 2002 1982 1145
1789061695 4098 2002 1963 1144
1789061700 4097 2002 1968 1147
1789061706 3949 1935 1876 1148
1789061711 4182 1902 2157 1139
1789061716 4449 1902 2391 1140
1789061721 4452 1902 2391 1142
1789061726 4448 1902 2391 1144
1789061731 4211 1902 2170 1144
1789061736 4299 1902 2253 1150
1789061741 4229 1901 2171 1145
1789061746 4139 1901 2084 1145
1789061751 4237 1896 2177 1150
1789061756 5435 1882 3381 1151
1789061761 5513 1882 3479 1151
1789061766 5584 1882 3537 1152
1789061771 5588 1882 3541 1152
1789061776 5862 1882 3541 1154
1789061782 5591 1882 3541 1062
1789061787 5600 1882 3541 1059
1789061792 5580 1882 3541 1060
1789061797 5565 1882 3541 1060
1789061802 5563 1882 3541 1061
1789061807 5527 1882 3501 1061
1789061812 5524 1882 3501 1068
1789061817 5143 1888 3112 1068
1789061822 5109 1870 3112 1068
1789061827 6282 1863 4293 1068
1789061832 6594 1859 4590 1060
1789061837 6789 1859 4749 1066
1789061842 6796 1859 4773 1067
1789061847 6785 1859 4760 1069
1789061852 6779 1859 4760 1070
1789061858 6781 1859 4760 1072
1789061863 6798 1859 4762 1067
1789061868 5834 1852 3740 1067
1789061873 5862 1843 3799 1039
1789061878 5839 1815 3861 1095
1789061883 6532 1807 4564 1067
1789061888 7445 1807 5452 1068
1789061893 7575 1807 5584 1062
1789061898 7576 1807 5584 1033
1789061903 7574 1807 5584 1032
1789061908 7559 1807 5584 1071
1789061918 7579 1807 5584 1075
1789061924 7552 1807 5584 1183
1789061929 7541 1807 5584 1127
1789061934 7509 1807 5551 1208
1789061939 7508 1807 5560 1149
1789061944 7512 1807 5560 1082
1789061949 7535 1807 5587 1074
1789061954 7538 1807 5587 1130
1789061959 7543 1807 5587 993
1789061964 7553 1807 5587 980
1789061969 7546 1807 5587 1052
1789061974 7535 1807 5587 1054
1789061979 7540 1807 5587 1050
1789061984 7544 1807 5587 1056
1789061989 7547 1807 5587 1058
1789061994 7549 1807 5587 1058
1789061999 7517 1807 5551 1058
1789062004 7518 1807 5551 1058
1789062010 7515 1807 5551 1068
1789062015 7608 1807 5631 1063
1789062020 7612 1807 5631 1069
1789062025 7336 1804 5335 1068
1789062030 7339 1804 5336 1070
1789062035 7295 1797 5335 1074
1789062040 9045 1786 7092 1077
1789062045 9363 1786 7386 1077
1789062050 9361 1786 7386 1085
1789062055 9358 1786 7386 1087
1789062060 9347 1786 7386 1088
1789062065 9300 1786 7355 1088
1789062070 9299 1786 7355 1083
1789062075 9233 1786 7291 1083
1789062081 9232 1786 7291 1085
1789062086 8416 1777 6448 1085
1789062091 8465 1770 6508 1088
1789062096 8531 1759 6594 1088
1789062101 8605 1747 6687 1088
1789062106 10095 1736 8254 1090
1789062111 9192 1736 7237 1089
1789062116 9190 1736 7237 1093
1789062121 9596 1736 7645 1089
1789062126 9580 1736 7645 1096
1789062131 9563 1736 7645 1102
1789062136 9538 1736 7645 1101
1789062141 9527 1736 7645 1100
1789062146 9533 1736 7645 1100
1789062152 9534 1736 7645 1100
1789062157 9525 1736 7645 1106
1789062162 9526 1736 7645 1101
1789062167 9527 1736 7645 1101
1789062172 9528 1736 7645 1102
1789062177 9393 1736 7493 1105
1789062182 9385 1736 7493 1104
1789062187 9380 1736 7493 1104
1789062192 9378 1736 7493 1105
1789062197 9377 1736 7493 1148
1789062202 9374 1736 7493 1156
1789062207 9379 1736 7493 1144
1789062212 9378 1736 7493 1144
1789062217 9379 1736 7493 1143
1789062222 9371 1736 7493 1143
1789062227 9369 1736 7493 1143
1789062233 9368 1736 7493 1143
1789062238 9372 1736 7493 1151
1789062243 9376 1736 7493 1156
1789062248 9374 1736 7493 1132
1789062253 9323 1736 7429 1113
1789062258 9320 1736 7429 1097
1789062263 9410 1736 7502 1099
1789062268 9416 1736 7493 1099
1789062273 9387 1736 7493 1098
1789062278 9385 1736 7493 1098
1789062283 9384 1736 7493 1099
1789062288 8859 1729 6989 1100
1789062293 8878 1752 6989 1106
1789062298 8872 1751 6990 1107
1789062303 8926 1772 7019 1107
1789062309 10864 1765 9020 1108
1789062314 11082 1764 9169 1109
1789062319 11137 1764 9231 1109
1789062324 11142 1764 9245 1109
1789062329 11155 1764 9261 1109
1789062334 11142 1764 9261 1124
1789062340 11130 1764 9261 1124
1789062345 11128 1764 9266 1124
1789062350 11130 1764 9266 1124
1789062355 11134 1764 9266 1125
1789062360 11132 1764 9266 1126
1789062365 11128 1764 9266 1126
1789062370 11130 1764 9267 1126
1789062375 11134 1764 9267 1126
1789062380 11141 1764 9267 1126
1789062385 9146 1764 7147 1126
1789062390 2445 1764 451 1127
1789062395 2467 1753 548 1127
1789062400 2414 1728 548 1127
