==> /tmp/rl_7d3_s0/lane.log <==
R0_INIT|from=/mnt/c/Users/sutanto4/Documents/CardGuru/rl/artifacts/v7/7d2/bc.pt|episodes=0
R0_START|W0Base|seed=0|budget=2048|resume_at=0|out=/tmp/rl_7d3_s0
R0|W0Base|s0|trained=0|ck_eps=0|D0=0.5800 [0.482,0.672]|D1=0.5900 [0.492,0.681]|TWIN=0.5700 [0.472,0.663]|blocks=855/893|BLOCKOPT=605/697|gap=820|attacks=935/1013|ATKOPT=364/582|ATKOPTCA=318/582|under_over=0/218|turns=20.6
R0|W0Base|s0|trained=512|ck_eps=512|D0=0.6900 [0.594,0.772]|D1=0.7700 [0.678,0.842]|TWIN=0.6600 [0.563,0.745]|blocks=757/995|BLOCKOPT=549/620|gap=670|attacks=1038/1540|ATKOPT=433/752|ATKOPTCA=407/752|under_over=115/204|turns=21.5
R0|W0Base|s0|trained=1024|ck_eps=1024|D0=0.5000 [0.404,0.596]|D1=0.5000 [0.404,0.596]|TWIN=0.4500 [0.356,0.548]|blocks=1363/2946|BLOCKOPT=839/879|gap=243|attacks=1368/9833|ATKOPT=1047/1975|ATKOPTCA=1229/1975|under_over=842/30|turns=46.9
R0|W0Base|s0|trained=1536|ck_eps=1536|D0=0.7100 [0.615,0.790]|D1=0.7600 [0.668,0.833]|TWIN=0.6700 [0.573,0.754]|blocks=841/898|BLOCKOPT=595/657|gap=493|attacks=1043/1250|ATKOPT=463/709|ATKOPTCA=432/709|under_over=32/213|turns=20.5
R0|W0Base|s0|trained=2048|ck_eps=2048|D0=0.6800 [0.583,0.763]|D1=0.7300 [0.636,0.807]|TWIN=0.7200 [0.625,0.799]|blocks=862/962|BLOCKOPT=589/655|gap=440|attacks=1057/1579|ATKOPT=413/744|ATKOPTCA=394/744|under_over=46/283|turns=21.9
R0_DONE|W0Base|s0|trained=2048|out=/tmp/rl_7d3_s0
==> /tmp/rl_7d3_s1/lane.log <==
R0_INIT|from=/mnt/c/Users/sutanto4/Documents/CardGuru/rl/artifacts/v7/7d2/bc.pt|episodes=0
R0_START|W0Base|seed=1|budget=2048|resume_at=0|out=/tmp/rl_7d3_s1
R0_INIT|from=/mnt/c/Users/sutanto4/Documents/CardGuru/rl/artifacts/v7/7d2/bc.pt|episodes=0
R0_START|W0Base|seed=1|budget=2048|resume_at=0|out=/tmp/rl_7d3_s1
R0|W0Base|s1|trained=0|ck_eps=0|D0=0.5800 [0.482,0.672]|D1=0.5900 [0.492,0.681]|TWIN=0.5700 [0.472,0.663]|blocks=855/893|BLOCKOPT=605/697|gap=820|attacks=935/1013|ATKOPT=364/582|ATKOPTCA=318/582|under_over=0/218|turns=20.6
R0|W0Base|s1|trained=512|ck_eps=512|D0=0.8000 [0.711,0.867]|D1=0.8100 [0.722,0.875]|TWIN=0.7300 [0.636,0.807]|blocks=948/1182|BLOCKOPT=642/715|gap=650|attacks=1242/2832|ATKOPT=407/1030|ATKOPTCA=386/1030|under_over=124/331|turns=28.2
R0|W0Base|s1|trained=1024|ck_eps=1024|D0=0.7000 [0.604,0.781]|D1=0.6800 [0.583,0.763]|TWIN=0.6800 [0.583,0.763]|blocks=1035/1285|BLOCKOPT=644/747|gap=841|attacks=1129/2666|ATKOPT=374/978|ATKOPTCA=355/978|under_over=133/317|turns=27.9
R0|W0Base|s1|trained=1536|ck_eps=1536|D0=0.7600 [0.668,0.833]|D1=0.8000 [0.711,0.867]|TWIN=0.6700 [0.573,0.754]|blocks=1080/1305|BLOCKOPT=680/773|gap=817|attacks=1262/3153|ATKOPT=408/1106|ATKOPTCA=424/1106|under_over=117/392|turns=29.7
R0|W0Base|s1|trained=2048|ck_eps=2048|D0=0.8100 [0.722,0.875]|D1=0.7800 [0.689,0.850]|TWIN=0.7700 [0.678,0.842]|blocks=1046/1274|BLOCKOPT=675/759|gap=624|attacks=1300/3165|ATKOPT=363/1089|ATKOPTCA=365/1089|under_over=138/371|turns=30.1
R0_DONE|W0Base|s1|trained=2048|out=/tmp/rl_7d3_s1
