REC7D1B|start=2026-09-13T08:39:08Z|target=20000|ep=100
RECORD|7d1b_s7400|rc=0|episodes=100|consults=1488|labelled=1488|y_neg=0|ends=100||wins=67 losses=33 win_rate=0.6700
REC7D1B|job=0|labelled_total=1488|2026-09-13T08:39:58Z
RECORD|7d1b_s7401|rc=0|episodes=100|consults=1456|labelled=1456|y_neg=0|ends=100||wins=68 losses=32 win_rate=0.6800
REC7D1B|job=1|labelled_total=2944|2026-09-13T08:40:44Z
RECORD|7d1b_s7402|rc=0|episodes=100|consults=1448|labelled=1448|y_neg=0|ends=100||wins=68 losses=32 win_rate=0.6800
REC7D1B|job=2|labelled_total=4392|2026-09-13T08:41:35Z
RECORD|7d1b_s7403|rc=0|episodes=100|consults=1453|labelled=1453|y_neg=0|ends=100||wins=67 losses=33 win_rate=0.6700
REC7D1B|job=3|labelled_total=5845|2026-09-13T08:42:33Z
RECORD|7d1b_s7404|rc=0|episodes=100|consults=1515|labelled=1515|y_neg=0|ends=100||wins=72 losses=28 win_rate=0.7200
REC7D1B|job=4|labelled_total=7360|2026-09-13T08:43:28Z
RECORD|7d1b_s7405|rc=0|episodes=100|consults=1448|labelled=1448|y_neg=0|ends=100||wins=70 losses=30 win_rate=0.7000
REC7D1B|job=5|labelled_total=8808|2026-09-13T08:44:27Z
RECORD|7d1b_s7406|rc=0|episodes=100|consults=1493|labelled=1493|y_neg=0|ends=100||wins=73 losses=27 win_rate=0.7300
REC7D1B|job=6|labelled_total=10301|2026-09-13T08:45:20Z
RECORD|7d1b_s7407|rc=0|episodes=100|consults=1462|labelled=1462|y_neg=0|ends=100||wins=68 losses=32 win_rate=0.6800
REC7D1B|job=7|labelled_total=11763|2026-09-13T08:46:14Z
RECORD|7d1b_s7408|rc=0|episodes=100|consults=1500|labelled=1500|y_neg=0|ends=100||wins=63 losses=37 win_rate=0.6300
REC7D1B|job=8|labelled_total=13263|2026-09-13T08:47:07Z
RECORD|7d1b_s7409|rc=0|episodes=100|consults=1509|labelled=1509|y_neg=0|ends=100||wins=67 losses=33 win_rate=0.6700
REC7D1B|job=9|labelled_total=14772|2026-09-13T08:48:00Z
RECORD|7d1b_s7410|rc=0|episodes=100|consults=1481|labelled=1481|y_neg=0|ends=100||wins=68 losses=32 win_rate=0.6800
REC7D1B|job=10|labelled_total=16253|2026-09-13T08:48:52Z
RECORD|7d1b_s7411|rc=0|episodes=100|consults=1461|labelled=1461|y_neg=0|ends=100||wins=61 losses=39 win_rate=0.6100
REC7D1B|job=11|labelled_total=17714|2026-09-13T08:49:46Z
REC7D1B|done=2026-09-13T08:49:46Z|jobs=12|labelled_total=17714|consults=17714|y_neg=0|ends=1200
REC7D1B|start=2026-09-13T08:50:01Z|target=20000|ep=100
REC7D1B|skip=7d1b_s7400
REC7D1B|job=0|labelled_total=17714|2026-09-13T08:50:03Z
REC7D1B|skip=7d1b_s7401
REC7D1B|job=1|labelled_total=17714|2026-09-13T08:50:04Z
REC7D1B|skip=7d1b_s7402
REC7D1B|job=2|labelled_total=17714|2026-09-13T08:50:06Z
REC7D1B|skip=7d1b_s7403
REC7D1B|job=3|labelled_total=17714|2026-09-13T08:50:08Z
REC7D1B|skip=7d1b_s7404
REC7D1B|job=4|labelled_total=17714|2026-09-13T08:50:09Z
REC7D1B|skip=7d1b_s7405
REC7D1B|job=5|labelled_total=17714|2026-09-13T08:50:11Z
REC7D1B|skip=7d1b_s7406
REC7D1B|job=6|labelled_total=17714|2026-09-13T08:50:12Z
REC7D1B|skip=7d1b_s7407
REC7D1B|job=7|labelled_total=17714|2026-09-13T08:50:14Z
REC7D1B|skip=7d1b_s7408
REC7D1B|job=8|labelled_total=17714|2026-09-13T08:50:15Z
REC7D1B|skip=7d1b_s7409
REC7D1B|job=9|labelled_total=17714|2026-09-13T08:50:17Z
REC7D1B|skip=7d1b_s7410
REC7D1B|job=10|labelled_total=17714|2026-09-13T08:50:18Z
REC7D1B|skip=7d1b_s7411
REC7D1B|job=11|labelled_total=17714|2026-09-13T08:50:20Z
RECORD|7d1b_s7412|rc=0|episodes=100|consults=1502|labelled=1502|y_neg=0|ends=100||wins=74 losses=26 win_rate=0.7400
REC7D1B|job=12|labelled_total=19216|2026-09-13T08:51:14Z
RECORD|7d1b_s7413|rc=0|episodes=100|consults=1519|labelled=1519|y_neg=0|ends=100||wins=72 losses=28 win_rate=0.7200
REC7D1B|job=13|labelled_total=20735|2026-09-13T08:52:08Z
REC7D1B|done=2026-09-13T08:52:08Z|jobs=14|labelled_total=20735|consults=20735|y_neg=0|ends=1400
