00:00:08 cards=35478 train=31946 heldout=3532 distinct_struct=34288 struct=script device=cuda seed=0 text_model=sentence-transformers/all-MiniLM-L6-v2
00:00:10 params=22971387 steps/epoch=125 total_steps=5000
00:00:20 text anchor computed from the pretrained encoder: (35478, 384)
00:00:46 script anchor computed from the pretrained encoder: (35478, 384)
00:04:46 epoch=1/40 train_loss=5.3651 (infonce=3.9851 distill=0.0115 aux=1.2653) train_r@1=0.466 train_r@10=0.858 held_loss=2.5999 held_r@1=0.482 held_r@10=0.856 240s
00:07:41 epoch=2/40 train_loss=0.7786 (infonce=0.3694 distill=0.0072 aux=0.3372) train_r@1=0.861 train_r@10=0.982 held_loss=0.8690 held_r@1=0.870 held_r@10=0.980 175s
00:10:35 epoch=3/40 train_loss=0.3997 (infonce=0.1405 distill=0.0054 aux=0.2052) train_r@1=0.913 train_r@10=0.989 held_loss=0.5940 held_r@1=0.917 held_r@10=0.985 174s
00:13:28 epoch=4/40 train_loss=0.3027 (infonce=0.0992 distill=0.0046 aux=0.1575) train_r@1=0.928 train_r@10=0.989 held_loss=0.4911 held_r@1=0.922 held_r@10=0.984 173s
00:16:23 epoch=5/40 train_loss=0.2508 (infonce=0.0772 distill=0.0041 aux=0.1328) train_r@1=0.941 train_r@10=0.992 held_loss=0.3973 held_r@1=0.939 held_r@10=0.986 174s
00:19:18 epoch=6/40 train_loss=0.2216 (infonce=0.0668 distill=0.0037 aux=0.1180) train_r@1=0.948 train_r@10=0.993 held_loss=0.3755 held_r@1=0.939 held_r@10=0.986 174s
00:22:13 epoch=7/40 train_loss=0.2005 (infonce=0.0584 distill=0.0034 aux=0.1082) train_r@1=0.947 train_r@10=0.995 held_loss=0.3723 held_r@1=0.937 held_r@10=0.987 175s
00:25:06 epoch=8/40 train_loss=0.1867 (infonce=0.0531 distill=0.0032 aux=0.1018) train_r@1=0.947 train_r@10=0.993 held_loss=0.3346 held_r@1=0.941 held_r@10=0.988 173s
00:28:00 epoch=9/40 train_loss=0.1789 (infonce=0.0511 distill=0.0030 aux=0.0977) train_r@1=0.949 train_r@10=0.994 held_loss=0.3369 held_r@1=0.943 held_r@10=0.988 173s
00:30:55 epoch=10/40 train_loss=0.1690 (infonce=0.0465 distill=0.0029 aux=0.0938) train_r@1=0.949 train_r@10=0.995 held_loss=0.3242 held_r@1=0.946 held_r@10=0.990 175s
00:33:49 epoch=11/40 train_loss=0.1607 (infonce=0.0419 distill=0.0027 aux=0.0914) train_r@1=0.956 train_r@10=0.994 held_loss=0.3010 held_r@1=0.946 held_r@10=0.988 174s
00:36:44 epoch=12/40 train_loss=0.1581 (infonce=0.0425 distill=0.0026 aux=0.0892) train_r@1=0.956 train_r@10=0.996 held_loss=0.2956 held_r@1=0.949 held_r@10=0.990 174s
00:39:39 epoch=13/40 train_loss=0.1531 (infonce=0.0400 distill=0.0025 aux=0.0877) train_r@1=0.961 train_r@10=0.996 held_loss=0.2904 held_r@1=0.950 held_r@10=0.989 174s
00:42:33 epoch=14/40 train_loss=0.1487 (infonce=0.0376 distill=0.0025 aux=0.0864) train_r@1=0.958 train_r@10=0.995 held_loss=0.2847 held_r@1=0.952 held_r@10=0.989 174s
00:45:27 epoch=15/40 train_loss=0.1455 (infonce=0.0367 distill=0.0024 aux=0.0849) train_r@1=0.956 train_r@10=0.995 held_loss=0.2854 held_r@1=0.954 held_r@10=0.988 174s
00:48:22 epoch=16/40 train_loss=0.1432 (infonce=0.0354 distill=0.0023 aux=0.0843) train_r@1=0.957 train_r@10=0.996 held_loss=0.2682 held_r@1=0.952 held_r@10=0.989 175s
00:51:16 epoch=17/40 train_loss=0.1405 (infonce=0.0343 distill=0.0023 aux=0.0833) train_r@1=0.961 train_r@10=0.996 held_loss=0.2575 held_r@1=0.956 held_r@10=0.990 173s
00:54:11 epoch=18/40 train_loss=0.1376 (infonce=0.0328 distill=0.0022 aux=0.0825) train_r@1=0.963 train_r@10=0.997 held_loss=0.2564 held_r@1=0.954 held_r@10=0.991 175s
00:57:05 epoch=19/40 train_loss=0.1350 (infonce=0.0311 distill=0.0022 aux=0.0820) train_r@1=0.962 train_r@10=0.997 held_loss=0.2635 held_r@1=0.952 held_r@10=0.991 174s
01:00:00 epoch=20/40 train_loss=0.1341 (infonce=0.0312 distill=0.0021 aux=0.0815) train_r@1=0.962 train_r@10=0.997 held_loss=0.2487 held_r@1=0.954 held_r@10=0.992 174s
01:02:53 epoch=21/40 train_loss=0.1314 (infonce=0.0295 distill=0.0021 aux=0.0809) train_r@1=0.959 train_r@10=0.997 held_loss=0.2532 held_r@1=0.956 held_r@10=0.990 173s
01:05:49 epoch=22/40 train_loss=0.1306 (infonce=0.0290 distill=0.0021 aux=0.0807) train_r@1=0.963 train_r@10=0.997 held_loss=0.2428 held_r@1=0.956 held_r@10=0.992 175s
01:08:42 epoch=23/40 train_loss=0.1291 (infonce=0.0286 distill=0.0020 aux=0.0801) train_r@1=0.959 train_r@10=0.997 held_loss=0.2416 held_r@1=0.956 held_r@10=0.990 172s
01:11:35 epoch=24/40 train_loss=0.1282 (infonce=0.0283 distill=0.0020 aux=0.0797) train_r@1=0.963 train_r@10=0.996 held_loss=0.2425 held_r@1=0.956 held_r@10=0.989 173s
01:14:29 epoch=25/40 train_loss=0.1266 (infonce=0.0273 distill=0.0020 aux=0.0794) train_r@1=0.963 train_r@10=0.997 held_loss=0.2401 held_r@1=0.956 held_r@10=0.990 174s
01:17:23 epoch=26/40 train_loss=0.1247 (infonce=0.0262 distill=0.0020 aux=0.0790) train_r@1=0.966 train_r@10=0.998 held_loss=0.2350 held_r@1=0.956 held_r@10=0.991 174s
01:20:17 epoch=27/40 train_loss=0.1242 (infonce=0.0260 distill=0.0019 aux=0.0788) train_r@1=0.965 train_r@10=0.998 held_loss=0.2323 held_r@1=0.956 held_r@10=0.991 173s
01:23:12 epoch=28/40 train_loss=0.1226 (infonce=0.0249 distill=0.0019 aux=0.0785) train_r@1=0.964 train_r@10=0.998 held_loss=0.2380 held_r@1=0.957 held_r@10=0.991 175s
01:26:06 epoch=29/40 train_loss=0.1219 (infonce=0.0247 distill=0.0019 aux=0.0782) train_r@1=0.964 train_r@10=0.998 held_loss=0.2305 held_r@1=0.957 held_r@10=0.992 174s
01:29:00 epoch=30/40 train_loss=0.1204 (infonce=0.0237 distill=0.0019 aux=0.0779) train_r@1=0.965 train_r@10=0.998 held_loss=0.2257 held_r@1=0.957 held_r@10=0.992 174s
01:31:54 epoch=31/40 train_loss=0.1192 (infonce=0.0227 distill=0.0019 aux=0.0777) train_r@1=0.966 train_r@10=0.998 held_loss=0.2242 held_r@1=0.958 held_r@10=0.991 173s
01:34:48 epoch=32/40 train_loss=0.1178 (infonce=0.0216 distill=0.0019 aux=0.0776) train_r@1=0.966 train_r@10=0.998 held_loss=0.2248 held_r@1=0.958 held_r@10=0.992 174s
01:37:43 epoch=33/40 train_loss=0.1179 (infonce=0.0219 distill=0.0019 aux=0.0774) train_r@1=0.966 train_r@10=0.998 held_loss=0.2241 held_r@1=0.959 held_r@10=0.992 175s
01:40:38 epoch=34/40 train_loss=0.1178 (infonce=0.0222 distill=0.0018 aux=0.0773) train_r@1=0.966 train_r@10=0.998 held_loss=0.2247 held_r@1=0.956 held_r@10=0.991 174s
01:43:31 epoch=35/40 train_loss=0.1167 (infonce=0.0211 distill=0.0018 aux=0.0772) train_r@1=0.966 train_r@10=0.999 held_loss=0.2226 held_r@1=0.957 held_r@10=0.992 173s
01:46:27 epoch=36/40 train_loss=0.1160 (infonce=0.0205 distill=0.0018 aux=0.0772) train_r@1=0.966 train_r@10=0.998 held_loss=0.2229 held_r@1=0.957 held_r@10=0.991 175s
01:49:21 epoch=37/40 train_loss=0.1151 (infonce=0.0198 distill=0.0018 aux=0.0770) train_r@1=0.965 train_r@10=0.998 held_loss=0.2228 held_r@1=0.957 held_r@10=0.992 174s
01:52:15 epoch=38/40 train_loss=0.1159 (infonce=0.0206 distill=0.0018 aux=0.0770) train_r@1=0.966 train_r@10=0.999 held_loss=0.2224 held_r@1=0.956 held_r@10=0.991 174s
01:55:08 epoch=39/40 train_loss=0.1155 (infonce=0.0202 distill=0.0018 aux=0.0770) train_r@1=0.966 train_r@10=0.999 held_loss=0.2225 held_r@1=0.957 held_r@10=0.991 173s
01:58:03 epoch=40/40 train_loss=0.1154 (infonce=0.0201 distill=0.0018 aux=0.0771) train_r@1=0.966 train_r@10=0.999 held_loss=0.2225 held_r@1=0.957 held_r@10=0.991 174s
02:03:54 exported emb.pt (35478, 128) final={'train': {'r@1': 0.966064453125, 'r@10': 0.99853515625, 'loss': 0.1675553321838379, 'n': 4096}, 'heldout': {'r@1': 0.9569648504257202, 'r@10': 0.990656852722168, 'loss': 0.22247570753097534, 'n': 3532}}
