1789065545 396 0 0 881
1789065551 612 0 0 886
1789065556 794 97 645 989
1789065561 2035 1111 904 1050
1789065566 2316 1893 0 895
1789065571 3368 2101 1244 1039
1789065576 3517 2089 1384 1044
1789065581 3889 2061 1831 2276
1789065586 3878 2061 1832 2273
1789065591 3883 2054 1836 2288
1789065596 3795 1979 1836 2288
1789065601 3857 1938 1944 2442
1789065606 3850 1938 1945 2498
1789065611 3837 1938 1945 2498
1789065616 3832 1938 1945 2498
1789065621 3798 1921 1936 2498
1789065626 3797 1908 1940 2498
1789065631 3859 1902 1968 2499
1789065636 3842 1902 1968 2499
1789065641 3827 1902 1968 2498
1789065646 3788 1885 1968 2497
1789065651 3773 1859 1971 2497
1789065657 3868 1861 2029 2690
1789065662 3851 1861 2029 2690
1789065667 3847 1861 2029 2750
1789065672 3848 1861 2029 2750
1789065677 3806 1829 2029 2750
1789065682 3785 1807 2029 2750
1789065687 3827 1796 2037 2914
1789065692 3815 1796 2038 2914
1789065697 3800 1796 2038 2930
1789065702 3801 1796 2038 2930
1789065707 3796 1796 2038 2961
1789065712 3743 1749 2038 2961
1789065717 3703 1705 2047 2961
1789065722 3870 1666 2274 2961
1789065727 3783 1666 2139 3189
1789065732 3761 1666 2139 3189
1789065737 3755 1666 2139 3189
1789065742 3741 1666 2139 3189
1789065747 3742 1666 2139 3189
1789065752 3755 1666 2139 3189
1789065757 3745 1666 2139 3189
1789065762 3742 1666 2139 3189
1789065767 3745 1666 2139 3189
1789065773 3854 1773 2135 3188
1789065778 3829 1733 2135 3188
1789065783 3809 1718 2135 3188
1789065788 3845 1709 2146 3188
1789065793 3828 1709 2146 3188
1789065798 3809 1709 2146 3188
1789065803 3812 1709 2146 3188
1789065808 3811 1709 2146 3188
1789065813 3804 1709 2146 3188
1789065818 3901 1828 2146 3188
1789065823 3959 1874 2146 3190
1789065828 3927 1861 2146 3192
1789065833 3995 1861 2161 3193
1789065838 3992 1861 2161 3188
1789065843 3988 1861 2161 3188
1789065848 3976 1861 2161 3187
1789065853 3971 1861 2161 3187
1789065858 2368 1861 265 875
1789065863 2935 1839 1059 1042
1789065868 2909 1808 1059 1042
1789065873 2156 1787 0 885
