BC|data|files=25|labelled=65471|games=1250|held_games=125|train=58304|held=7167|kinds=prio:51611,target:6626,attack:5678,block:1556|dropped={'kind_trivial': 3029, 'outside': 452}|load_s=140
BC|labels|PASS=29073|LAND=7742|SPELL=10401|ACTIVATE=5246|TARGET=6626|ATTACK=5457|BLOCK=926
BC|ceiling|all|kind=attack|n=5678|ce_floor=0.0000|top1_ceiling=1.000|classes_per_consult=3.17
BC|ceiling|all|kind=block|n=1556|ce_floor=0.0000|top1_ceiling=1.000|classes_per_consult=2.25
BC|ceiling|all|kind=prio|n=51611|ce_floor=0.0595|top1_ceiling=0.975|classes_per_consult=2.98
BC|ceiling|all|kind=target|n=6626|ce_floor=0.0545|top1_ceiling=0.960|classes_per_consult=2.15
BC|ceiling|held|kind=attack|n=598|ce_floor=0.0000|top1_ceiling=1.000|classes_per_consult=3.38
BC|ceiling|held|kind=block|n=174|ce_floor=0.0000|top1_ceiling=1.000|classes_per_consult=2.23
BC|ceiling|held|kind=prio|n=5677|ce_floor=0.0587|top1_ceiling=0.977|classes_per_consult=2.94
BC|ceiling|held|kind=target|n=718|ce_floor=0.0494|top1_ceiling=0.960|classes_per_consult=2.13
/home/miketanto/.local/lib/python3.10/site-packages/torch/nn/modules/transformer.py:382: UserWarning: enable_nested_tensor is True, but self.use_nested_tensor is False because encoder_layer.norm_first was True
  warnings.warn(
BC|net|cand_refers_pool=True|init_episodes=0
BC|epoch=0|held_ce=1.1185|held_top1=0.259|held_cls1=0.268|held_type1=0.438
BC|epoch=0|kind=prio|n=5677|held_ce=1.2093|top1=0.178|cls1=0.186|type1=0.308
BC|epoch=0|kind=target|n=718|held_ce=0.6602|top1=0.546|cls1=0.577|type1=1.000
BC|epoch=0|kind=attack|n=598|held_ce=0.9114|top1=0.594|cls1=0.594|type1=0.955
BC|epoch=0|kind=block|n=174|held_ce=0.7564|top1=0.575|cls1=0.575|type1=0.598
BC|epoch=1|held_ce=0.3727|held_top1=0.849|held_cls1=0.863|held_type1=0.914|train_ce=0.4598|train_top1=0.817|s=125
BC|epoch=1|kind=prio|n=5677|held_ce=0.3889|top1=0.844|cls1=0.858|type1=0.907
BC|epoch=1|kind=target|n=718|held_ce=0.2756|top1=0.873|cls1=0.898|type1=1.000
BC|epoch=1|kind=attack|n=598|held_ce=0.1783|top1=0.962|cls1=0.962|type1=0.987
BC|epoch=1|kind=block|n=174|held_ce=0.9111|top1=0.529|cls1=0.529|type1=0.557
BC|epoch=2|held_ce=0.3225|held_top1=0.871|held_cls1=0.888|held_type1=0.931|train_ce=0.3536|train_top1=0.860|s=125
BC|epoch=2|kind=prio|n=5677|held_ce=0.3454|top1=0.863|cls1=0.881|type1=0.921
BC|epoch=2|kind=target|n=718|held_ce=0.2613|top1=0.879|cls1=0.911|type1=1.000
BC|epoch=2|kind=attack|n=598|held_ce=0.1018|top1=0.973|cls1=0.973|type1=0.992
BC|epoch=2|kind=block|n=174|held_ce=0.5877|top1=0.736|cls1=0.736|type1=0.764
BC|epoch=3|held_ce=0.3009|held_top1=0.879|held_cls1=0.893|held_type1=0.932|train_ce=0.3167|train_top1=0.874|s=125
BC|epoch=3|kind=prio|n=5677|held_ce=0.3248|top1=0.872|cls1=0.886|type1=0.921
BC|epoch=3|kind=target|n=718|held_ce=0.2407|top1=0.883|cls1=0.914|type1=1.000
BC|epoch=3|kind=attack|n=598|held_ce=0.0819|top1=0.977|cls1=0.977|type1=0.992
BC|epoch=3|kind=block|n=174|held_ce=0.5202|top1=0.759|cls1=0.759|type1=0.782
BC|epoch=4|held_ce=0.3151|held_top1=0.878|held_cls1=0.891|held_type1=0.931|train_ce=0.2985|train_top1=0.881|s=132
BC|epoch=4|kind=prio|n=5677|held_ce=0.3243|top1=0.874|cls1=0.887|type1=0.924
BC|epoch=4|kind=target|n=718|held_ce=0.2526|top1=0.883|cls1=0.914|type1=1.000
BC|epoch=4|kind=attack|n=598|held_ce=0.0885|top1=0.975|cls1=0.975|type1=0.992
BC|epoch=4|kind=block|n=174|held_ce=1.0508|top1=0.649|cls1=0.649|type1=0.678
BC|epoch=5|held_ce=0.2932|held_top1=0.884|held_cls1=0.898|held_type1=0.933|train_ce=0.2851|train_top1=0.888|s=132
BC|epoch=5|kind=prio|n=5677|held_ce=0.3099|top1=0.877|cls1=0.890|type1=0.922
BC|epoch=5|kind=target|n=718|held_ce=0.2661|top1=0.893|cls1=0.922|type1=1.000
BC|epoch=5|kind=attack|n=598|held_ce=0.1081|top1=0.970|cls1=0.970|type1=0.988
BC|epoch=5|kind=block|n=174|held_ce=0.4967|top1=0.810|cls1=0.810|type1=0.845
BC|epoch=6|held_ce=0.2920|held_top1=0.884|held_cls1=0.898|held_type1=0.932|train_ce=0.2717|train_top1=0.891|s=131
BC|epoch=6|kind=prio|n=5677|held_ce=0.3176|top1=0.876|cls1=0.890|type1=0.919
BC|epoch=6|kind=target|n=718|held_ce=0.2570|top1=0.889|cls1=0.918|type1=1.000
BC|epoch=6|kind=attack|n=598|held_ce=0.0703|top1=0.977|cls1=0.977|type1=0.995
BC|epoch=6|kind=block|n=174|held_ce=0.3655|top1=0.799|cls1=0.799|type1=0.828
BC|epoch=7|held_ce=0.2920|held_top1=0.892|held_cls1=0.906|held_type1=0.936|train_ce=0.2611|train_top1=0.894|s=130
BC|epoch=7|kind=prio|n=5677|held_ce=0.3077|top1=0.886|cls1=0.901|type1=0.926
BC|epoch=7|kind=target|n=718|held_ce=0.2719|top1=0.903|cls1=0.930|type1=1.000
BC|epoch=7|kind=attack|n=598|held_ce=0.1203|top1=0.962|cls1=0.962|type1=0.978
BC|epoch=7|kind=block|n=174|held_ce=0.4523|top1=0.793|cls1=0.793|type1=0.822
BC|epoch=8|held_ce=0.2981|held_top1=0.888|held_cls1=0.902|held_type1=0.936|train_ce=0.2497|train_top1=0.899|s=125
BC|epoch=8|kind=prio|n=5677|held_ce=0.3266|top1=0.880|cls1=0.893|type1=0.925
BC|epoch=8|kind=target|n=718|held_ce=0.2513|top1=0.896|cls1=0.921|type1=1.000
BC|epoch=8|kind=attack|n=598|held_ce=0.0660|top1=0.982|cls1=0.982|type1=0.995
BC|epoch=8|kind=block|n=174|held_ce=0.3592|top1=0.828|cls1=0.828|type1=0.851
BC|epoch=9|held_ce=0.3093|held_top1=0.888|held_cls1=0.903|held_type1=0.936|train_ce=0.2420|train_top1=0.903|s=124
BC|epoch=9|kind=prio|n=5677|held_ce=0.3351|top1=0.879|cls1=0.894|type1=0.924
BC|epoch=9|kind=target|n=718|held_ce=0.2642|top1=0.894|cls1=0.921|type1=1.000
BC|epoch=9|kind=attack|n=598|held_ce=0.0696|top1=0.980|cls1=0.980|type1=0.995
BC|epoch=9|kind=block|n=174|held_ce=0.4770|top1=0.851|cls1=0.851|type1=0.874
BC|early_stop|epoch=9|best_epoch=6
BC|saved=/mnt/c/Users/sutanto4/Documents/CardGuru/rl/artifacts/v7/13/bc/bc.pt|best_epoch=6|held_ce=0.2920|held_top1=0.884|held_cls1=0.898|held_type1=0.932|wall_s=1299
BC|best|kind=prio|n=5677|held_ce=0.3176|top1=0.876|cls1=0.890|type1=0.919
BC|best|kind=target|n=718|held_ce=0.2570|top1=0.889|cls1=0.918|type1=1.000
BC|best|kind=attack|n=598|held_ce=0.0703|top1=0.977|cls1=0.977|type1=0.995
BC|best|kind=block|n=174|held_ce=0.3655|top1=0.799|cls1=0.799|type1=0.828
