deck context: /home/user/CardGuru/rl/artifacts/deck_ctx_v1
/home/miketanto/.local/lib/python3.10/site-packages/torch/nn/modules/transformer.py:382: UserWarning: enable_nested_tensor is True, but self.use_nested_tensor is False because encoder_layer.norm_first was True
  warnings.warn(
resumed ckpt: 0 episodes, 0 updates
policy server on :7940 (threads=4) device=cuda
conn: mode=eval episodes=4
conn closed
conn: mode=eval episodes=4
conn closed
conn: mode=eval episodes=4
conn closed
RLLOCK|calls=235|wait_s=0.0|held_s=4.6|wait_per_call_ms=0.00|held_per_call_ms=19.75|wait_share=0.0%
deck context: /home/user/CardGuru/rl/artifacts/deck_ctx_v1
/home/miketanto/.local/lib/python3.10/site-packages/torch/nn/modules/transformer.py:382: UserWarning: enable_nested_tensor is True, but self.use_nested_tensor is False because encoder_layer.norm_first was True
  warnings.warn(
resumed ckpt: 0 episodes, 0 updates
policy server on :7940 (threads=4) device=cuda
conn: mode=train episodes=64
conn: mode=train episodes=64
conn: mode=train episodes=64
conn: mode=train episodes=64
TRAIN|update=1 episodes=32 batch_eps=32 steps=1530 batch_win_rate=0.000 mean_abs_phi=0.000 value_ev=-1.7260 oracle_cover=0.000 critic_ev=nan update_s=26.01 entropy=0.271 max_logit=41.69 grad_norm=34.12 chosen_types=858/126/91/345/38/28/44/0
RLLOCK|calls=2000|wait_s=153.3|held_s=37.0|wait_per_call_ms=76.66|held_per_call_ms=18.51|wait_share=80.5%
RLLOCK|calls=4000|wait_s=253.5|held_s=72.7|wait_per_call_ms=63.36|held_per_call_ms=18.17|wait_share=77.7%
conn closed
conn closed
conn closed
TRAIN|update=2 episodes=64 batch_eps=32 steps=2648 batch_win_rate=0.000 mean_abs_phi=0.000 value_ev=-0.2724 oracle_cover=0.000 critic_ev=nan update_s=35.74 entropy=0.039 max_logit=170.67 grad_norm=4.80 chosen_types=2447/121/6/22/48/1/3/0
conn: mode=train episodes=64
conn: mode=train episodes=64
conn: mode=train episodes=64
conn: mode=train episodes=64
conn closed
TRAIN|update=3 episodes=96 batch_eps=32 steps=623 batch_win_rate=0.000 mean_abs_phi=0.000 value_ev=-1.8903 oracle_cover=0.000 critic_ev=nan update_s=7.92 entropy=0.228 max_logit=266.67 grad_norm=3.52 chosen_types=457/0/0/0/166/0/0/0
conn closed
conn closed
conn closed
TRAIN|update=4 episodes=128 batch_eps=32 steps=616 batch_win_rate=0.000 mean_abs_phi=0.000 value_ev=-69.6533 oracle_cover=0.000 critic_ev=nan update_s=7.89 entropy=0.049 max_logit=373.45 grad_norm=0.50 chosen_types=452/0/0/0/164/0/0/0
conn: mode=train episodes=64
conn: mode=train episodes=64
conn: mode=train episodes=64
conn: mode=train episodes=64
conn closed
RLLOCK|calls=6000|wait_s=382.1|held_s=110.0|wait_per_call_ms=63.69|held_per_call_ms=18.33|wait_share=77.7%
TRAIN|update=5 episodes=160 batch_eps=32 steps=629 batch_win_rate=0.000 mean_abs_phi=0.000 value_ev=0.8491 oracle_cover=0.000 critic_ev=nan update_s=8.14 entropy=0.049 max_logit=433.84 grad_norm=0.30 chosen_types=461/0/0/0/168/0/0/0
conn closed
conn closed
conn closed
TRAIN|update=6 episodes=192 batch_eps=32 steps=619 batch_win_rate=0.000 mean_abs_phi=0.000 value_ev=0.8141 oracle_cover=0.000 critic_ev=nan update_s=8.28 entropy=0.049 max_logit=467.12 grad_norm=0.19 chosen_types=454/0/0/0/165/0/0/0
conn: mode=train episodes=64
conn: mode=train episodes=64
conn: mode=train episodes=64
conn: mode=train episodes=64
conn closed
TRAIN|update=7 episodes=224 batch_eps=32 steps=627 batch_win_rate=0.000 mean_abs_phi=0.000 value_ev=0.8775 oracle_cover=0.000 critic_ev=nan update_s=8.15 entropy=0.052 max_logit=474.45 grad_norm=0.17 chosen_types=462/0/0/0/165/0/0/0
conn closed
conn closed
conn closed
TRAIN|update=8 episodes=256 batch_eps=32 steps=642 batch_win_rate=0.000 mean_abs_phi=0.000 value_ev=0.9257 oracle_cover=0.000 critic_ev=nan update_s=7.60 entropy=0.048 max_logit=485.37 grad_norm=0.08 chosen_types=471/0/0/0/171/0/0/0
conn closed
RLLOCK|calls=7934|wait_s=529.6|held_s=146.1|wait_per_call_ms=66.75|held_per_call_ms=18.41|wait_share=78.4%
deck context: /home/user/CardGuru/rl/artifacts/deck_ctx_v1
/home/miketanto/.local/lib/python3.10/site-packages/torch/nn/modules/transformer.py:382: UserWarning: enable_nested_tensor is True, but self.use_nested_tensor is False because encoder_layer.norm_first was True
  warnings.warn(
resumed ckpt: 256 episodes, 8 updates
policy server on :7940 (threads=4) device=cuda
conn: mode=eval episodes=4
conn closed
conn: mode=eval episodes=4
conn closed
conn: mode=eval episodes=4
conn closed
RLLOCK|calls=249|wait_s=0.0|held_s=4.7|wait_per_call_ms=0.00|held_per_call_ms=18.70|wait_share=0.0%
