1789065189 373 0 0 1117
1789065194 603 0 0 1142
1789065199 812 0 645 942
1789065204 1443 740 645 972
1789065209 2597 1514 1053 1016
1789065214 2512 1847 416 870
1789065219 3214 1881 1316 1021
1789065225 3363 1902 1440 1025
1789065230 3761 1904 1866 2200
1789065235 3753 1904 1867 2201
1789065240 3744 1904 1867 2197
1789065245 3732 1904 1867 2197
1789065250 3754 1925 1867 2217
1789065255 3773 1939 1895 2217
1789065260 3821 1927 1923 2260
1789065265 3800 1927 1923 2260
1789065270 3807 1927 1923 2260
1789065275 3776 1909 1923 2291
1789065280 3774 1904 1923 2270
1789065285 3838 1902 1951 2431
1789065290 3822 1902 1951 2432
1789065295 3798 1902 1951 2427
1789065300 3777 1888 1951 2423
1789065305 3760 1877 1955 2422
1789065310 3835 1855 1994 2593
1789065315 3820 1855 1994 2643
1789065320 3800 1855 1994 2684
1789065325 3801 1855 1994 2685
1789065330 3801 1855 1994 2687
1789065336 3797 1855 1994 2694
1789065341 3788 1855 1994 2686
1789065346 3774 1842 1994 2685
1789065351 3774 1828 1994 2685
1789065356 3768 1808 2007 2685
1789065361 3829 1795 2033 2881
1789065366 3805 1795 2033 2888
1789065371 3784 1795 2033 2895
1789065376 3786 1795 2033 2889
1789065381 3775 1795 2033 2889
1789065386 3775 1795 2033 2891
1789065391 3766 1789 2033 2898
1789065396 3744 1761 2033 2898
1789065401 3710 1740 2033 2898
1789065406 3778 1735 2066 2922
1789065411 3777 1735 2066 2922
1789065416 3774 1735 2066 2922
1789065421 3771 1735 2066 2922
1789065426 3766 1735 2066 2922
1789065431 3759 1735 2066 2922
1789065436 3754 1732 2066 2922
1789065441 3717 1706 2066 2917
1789065447 3693 1690 2066 2914
1789065452 3660 1659 2068 2913
1789065457 3721 1655 2076 3116
1789065462 3705 1655 2076 3113
1789065467 3699 1655 2077 3117
1789065472 3699 1655 2077 3164
1789065477 3698 1655 2077 3144
1789065482 3685 1656 2077 3160
1789065487 3657 1639 2077 3138
1789065492 3651 1636 2077 3131
1789065497 3708 1635 2108 3341
1789065502 3704 1635 2109 3341
1789065507 3693 1635 2109 3341
1789065512 3686 1635 2109 3341
1789065517 3689 1635 2109 3341
1789065522 3691 1635 2109 3346
1789065527 2044 1635 0 874
1789065532 2759 1620 1059 1037
1789065537 2715 1592 1059 1037
