1789059249 379 0 0 672
1789059254 628 0 0 668
1789059259 786 76 530 668
1789059264 1670 987 530 672
1789059270 2607 1873 542 666
1789059275 2795 2060 530 667
1789059280 3052 2169 687 666
1789059285 4208 2135 1859 664
1789059290 4207 2135 1876 664
1789059295 4199 2135 1888 665
1789059300 4286 2135 1993 668
1789059305 4283 2135 1989 672
1789059310 4221 2135 1937 667
1789059315 4217 2135 1937 666
1789059320 4016 2102 1769 668
1789059325 5107 2068 2909 667
1789059330 5246 2068 3052 667
1789059335 5455 2068 3259 705
1789059340 5460 2068 3259 663
1789059345 5467 2068 3259 669
1789059350 5467 2068 3259 702
1789059355 5466 2068 3259 673
1789059360 5458 2068 3259 671
1789059366 5448 2068 3259 665
1789059371 5263 2038 3091 666
1789059376 6503 2018 4332 672
1789059381 6612 2018 4456 666
1789059386 6624 2018 4471 665
1789059391 6703 2018 4553 664
1789059396 6705 2018 4553 664
1789059401 6708 2018 4553 664
1789059406 6684 2018 4514 663
1789059411 6527 2018 4351 665
1789059416 6489 1998 4354 664
1789059421 7371 1990 5256 663
1789059426 8111 1990 5981 663
1789059431 8275 1990 6144 663
1789059436 8279 1990 6144 664
1789059441 8286 1990 6144 664
1789059446 8306 1990 6144 664
1789059451 8305 1990 6144 664
1789059456 8297 1990 6144 664
1789059462 8289 1990 6144 664
1789059467 8282 1990 6144 664
1789059472 8251 1990 6103 664
1789059477 5834 1982 3569 668
1789059482 5813 1970 3680 664
1789059487 5893 1944 3805 664
1789059492 7545 1932 5453 664
1789059497 7548 1932 5450 664
1789059502 7536 1932 5450 664
1789059507 7700 1932 5607 664
1789059512 7693 1932 5607 664
1789059517 7840 1932 5750 664
1789059522 7831 1932 5750 677
1789059527 7834 1932 5744 672
1789059532 7833 1932 5744 659
1789059537 7831 1932 5744 664
1789059542 7826 1932 5744 658
1789059547 7827 1932 5744 698
1789059552 7852 1932 5784 666
1789059558 7445 1922 5399 662
1789059563 7438 1913 5399 662
1789059568 7453 1890 5428 662
1789059573 9435 1890 7412 662
1789059578 9445 1890 7412 669
1789059583 9463 1890 7412 671
1789059588 9616 1890 7567 667
1789059593 9634 1890 7567 668
1789059598 9601 1890 7558 668
1789059603 9591 1890 7558 675
1789059608 9599 1890 7558 669
1789059613 9600 1890 7558 664
1789059618 9599 1890 7558 664
1789059623 9599 1890 7558 664
1789059628 9593 1890 7558 664
1789059633 9604 1890 7558 664
1789059638 9609 1890 7558 664
1789059643 9603 1890 7558 664
1789059648 9597 1890 7558 664
1789059654 7424 1890 5362 678
1789059659 7517 1874 5469 670
1789059664 7616 1865 5599 671
1789059669 7939 1861 5927 670
1789059674 7931 1861 5927 670
1789059679 7934 1861 5927 670
1789059684 7926 1861 5927 670
1789059689 7925 1861 5927 669
1789059694 7936 1861 5932 669
1789059699 7935 1861 5932 669
1789059704 7931 1861 5932 669
1789059709 7933 1861 5932 669
1789059714 7941 1861 5932 669
1789059719 7938 1861 5932 668
1789059724 7933 1861 5932 669
1789059729 7933 1861 5932 669
1789059734 7930 1861 5932 669
1789059739 7587 1834 5627 668
1789059744 7572 1825 5627 677
1789059749 7621 1813 5682 675
1789059755 9525 1802 7597 677
1789059760 9531 1802 7592 674
1789059765 9540 1802 7592 677
1789059770 9773 1802 7815 672
1789059775 9774 1802 7815 672
1789059780 9822 1802 7850 672
1789059785 9813 1802 7850 670
1789059790 9804 1802 7850 667
1789059795 9789 1802 7850 667
1789059800 9801 1802 7850 670
1789059805 9736 1802 7786 671
1789059810 9605 1802 7661 671
1789059815 9608 1802 7661 671
1789059820 9604 1802 7661 671
1789059825 9607 1802 7659 671
1789059830 9603 1802 7659 672
1789059835 9378 1802 7435 673
1789059840 9382 1802 7435 672
1789059845 9471 1802 7519 668
1789059851 8770 1802 6554 668
1789059856 2552 1802 536 672
1789059861 2508 1771 548 667
1789059866 2451 1740 548 667
