1789060673 384 0 0 667
1789060678 636 0 0 662
1789060683 884 95 645 769
1789060688 2358 1414 883 818
1789060693 2530 2100 0 665
1789060698 3404 2122 1241 866
1789060703 3538 2115 1367 867
1789060708 3805 2059 1716 1876
1789060713 3925 2059 1853 2060
1789060718 3915 2059 1854 2080
1789060723 3914 2059 1854 2168
1789060728 3838 1994 1855 2168
1789060733 3895 1950 1900 2168
1789060738 3862 1950 1900 2168
1789060743 3854 1950 1900 2168
1789060748 3831 1935 1900 2168
1789060754 3813 1931 1900 2168
1789060759 3859 1921 1912 2166
1789060764 3839 1921 1912 2167
1789060769 3808 1906 1912 2167
1789060774 3797 1896 1912 2167
1789060779 3868 1887 1954 2346
1789060784 3849 1887 1955 2418
1789060789 3845 1887 1955 2418
1789060794 3848 1887 1955 2444
1789060799 3816 1874 1955 2438
1789060804 3792 1860 1955 2438
1789060809 3852 1862 1958 2438
1789060814 3826 1862 1958 2438
1789060819 3829 1862 1958 2438
1789060824 3820 1862 1958 2438
1789060829 3795 1857 1958 2438
1789060834 3828 1841 1958 2438
1789060839 3814 1841 1958 2438
1789060844 3793 1841 1958 2438
1789060849 3785 1833 1958 2438
1789060854 3758 1822 1958 2437
1789060859 3795 1805 1968 2587
1789060865 3784 1805 1969 2587
1789060870 3779 1805 1969 2587
1789060875 3777 1805 1969 2587
1789060880 3759 1805 1969 2587
1789060885 3756 1805 1969 2587
1789060890 3732 1795 1969 2587
1789060895 3717 1781 1969 2587
1789060900 3779 1777 1978 2749
1789060905 3773 1777 1978 2749
1789060910 3763 1777 1978 2749
1789060915 3768 1777 1978 2749
1789060920 3766 1777 1978 2751
1789060925 2218 1777 0 659
1789060930 2903 1768 1058 821
