1789067489 356 0 0 864
1789067494 624 0 0 1013
1789067499 860 87 645 1056
1789067505 1837 1104 645 1010
1789067510 2309 1876 0 951
1789067515 3433 2146 1241 1115
1789067520 3515 2081 1380 1113
1789067525 3896 2051 1836 2225
1789067530 3871 2051 1836 2141
1789067535 3825 2016 1839 2168
1789067540 3931 1956 2031 2169
1789067545 3876 1956 1942 2410
1789067550 3854 1956 1942 2409
1789067555 3854 1956 1942 2494
1789067560 3831 1939 1942 2504
1789067565 3886 1925 1969 2487
1789067570 3872 1925 1970 2494
1789067575 3861 1925 1970 2490
1789067580 3819 1904 1970 2492
1789067585 3799 1880 1971 2492
1789067590 3895 1853 2058 2727
1789067595 3887 1853 2059 2732
1789067600 3881 1853 2059 2722
1789067605 3867 1853 2059 2659
1789067610 3850 1853 2059 2657
1789067616 3854 1853 2059 2656
1789067621 3817 1829 2059 2653
1789067626 3798 1804 2059 2652
1789067631 3831 1772 2067 2822
1789067636 3822 1772 2074 2856
1789067641 3804 1772 2074 2866
1789067646 3801 1772 2074 2890
1789067651 3792 1772 2075 2893
1789067656 3766 1761 2075 2897
1789067661 3817 1755 2091 2900
1789067666 3825 1747 2099 2902
1789067671 3805 1747 2099 2901
1789067676 3797 1747 2099 2905
1789067681 3777 1728 2099 2913
1789067686 3751 1710 2099 2909
1789067691 3754 1710 2099 2902
1789067696 3805 1713 2102 2906
1789067701 3787 1713 2102 2899
1789067706 3760 1713 2102 2899
1789067711 3752 1709 2102 2899
1789067716 3734 1682 2102 2900
1789067721 3696 1639 2102 2900
1789067727 3769 1607 2174 3134
1789067732 3779 1607 2184 3132
1789067737 3758 1607 2184 3131
1789067742 3737 1607 2184 3132
1789067747 3732 1607 2184 3132
1789067752 3730 1607 2184 3132
1789067757 2160 1607 320 839
1789067762 2705 1590 1059 1002
1789067767 2689 1567 1059 1002
