1789065882 359 0 0 877
1789065887 595 0 0 880
1789065892 851 93 645 986
1789065897 1983 1037 907 1040
1789065902 1919 1500 0 878
1789065907 2876 1563 1258 1041
1789065912 3175 1748 1404 1044
1789065917 3587 1734 1854 2127
1789065922 3596 1734 1855 2170
1789065927 3577 1713 1861 2165
1789065932 3635 1685 1994 2165
1789065937 3678 1678 2019 2511
1789065942 3655 1678 2020 2511
1789065947 3647 1678 2020 2511
1789065952 3638 1676 2020 2511
1789065957 3654 1695 2020 2511
1789065962 3718 1716 2020 2518
1789065967 3713 1716 2020 2517
1789065972 3724 1750 2020 2516
1789065977 3770 1779 2070 2517
1789065983 3792 1779 2051 2698
1789065988 3773 1779 2051 2696
1789065993 3779 1779 2051 2698
1789065998 3787 1779 2051 2698
1789066003 3798 1804 2051 2699
1789066008 3756 1766 2051 2699
1789066013 3832 1791 2071 2700
1789066018 3826 1790 2072 2704
1789066023 3812 1790 2072 2699
1789066028 3853 1833 2072 2693
1789066033 3878 1853 2072 2701
1789066038 3932 1817 2145 2901
1789066043 3926 1817 2145 2902
1789066048 3928 1817 2146 2902
1789066053 3922 1817 2146 2952
1789066058 3920 1817 2146 2937
1789066063 3912 1817 2146 2929
1789066068 3910 1817 2146 2930
1789066073 3904 1812 2146 2919
1789066078 4326 2217 2146 2919
1789066083 4367 2179 2146 2919
1789066088 4337 2179 2148 2919
1789066094 4308 2179 2148 2919
1789066099 4288 2179 2148 2922
1789066104 4261 2158 2152 2922
1789066109 4242 2146 2167 2922
1789066114 4299 2113 2221 3148
1789066119 4296 2113 2234 3148
1789066124 4282 2113 2234 3148
1789066129 4280 2113 2234 3148
1789066134 4283 2113 2234 3148
1789066139 4291 2113 2234 3148
1789066144 4283 2113 2234 3148
1789066149 2671 2113 388 881
1789066154 3183 2089 1059 1044
1789066159 3154 2046 1059 1044
