1789066730 345 0 0 968
1789066735 607 0 0 992
1789066740 898 93 645 1085
1789066745 1909 1040 838 1182
1789066750 2258 1841 0 1014
1789066755 3180 1913 1240 1233
1789066760 3302 1939 1364 1202
1789066765 3773 1956 1840 2197
1789066770 3767 1956 1841 2295
1789066775 3770 1956 1841 2294
1789066780 3764 1956 1841 2296
1789066785 3758 1965 1841 2296
1789066790 3764 1947 1875 2291
1789066795 3845 1942 1926 2631
1789066800 3826 1942 1926 2630
1789066805 3835 1942 1927 2629
1789066810 3821 1936 1927 2629
1789066815 3783 1914 1927 2629
1789066820 3823 1901 1927 2629
1789066826 3829 1901 1927 2629
1789066831 3817 1901 1927 2630
1789066836 3809 1901 1927 2640
1789066841 3794 1900 1927 2641
1789066846 3766 1880 1927 2640
1789066851 3742 1859 1942 2640
1789066856 3846 1843 2042 2900
1789066861 3853 1843 2043 2906
1789066866 3849 1842 2043 2901
1789066871 3836 1842 2043 2913
1789066876 3834 1842 2043 2913
1789066881 3828 1842 2043 2913
1789066886 3828 1842 2043 2913
1789066891 3773 1827 2002 2913
1789066896 3764 1818 2002 2918
1789066901 3768 1801 2021 2925
1789066906 3820 1795 2055 2910
1789066911 3813 1795 2055 2909
1789066916 3805 1795 2055 2909
1789066921 3792 1794 2055 2909
1789066926 3791 1794 2055 2914
1789066931 3797 1794 2055 2909
1789066936 3779 1789 2055 2910
1789066942 3766 1767 2055 2908
1789066947 3739 1743 2055 2912
1789066952 3739 1729 2080 2908
1789066957 3854 1718 2161 3176
1789066962 3855 1718 2161 3245
1789066967 3834 1718 2161 3272
1789066972 3822 1718 2162 3227
1789066977 3825 1718 2162 3240
1789066982 3823 1718 2162 3223
1789066987 3831 1718 2162 3226
1789066992 3826 1718 2162 3248
1789066997 3818 1718 2162 3258
1789067002 3810 1718 2142 3083
1789067007 3795 1706 2142 3100
1789067012 3778 1694 2142 3165
1789067017 3785 1698 2142 3163
1789067022 3755 1677 2142 3174
1789067027 3880 1657 2302 3165
1789067032 3841 1657 2217 3478
1789067037 3843 1657 2218 3497
1789067042 3832 1657 2218 3500
1789067047 3828 1657 2218 3519
1789067053 3824 1657 2218 3513
1789067058 3819 1657 2218 3524
1789067063 3818 1657 2218 3421
1789067068 3818 1657 2218 3391
1789067073 3810 1658 2218 3389
1789067078 3789 1641 2218 3396
1789067083 3787 1632 2218 3410
1789067088 3839 1681 2218 3423
1789067093 3926 1692 2312 3479
1789067098 3880 1692 2218 3601
1789067103 3871 1692 2218 3534
1789067108 3861 1692 2218 3420
1789067113 3844 1692 2218 3426
1789067118 3848 1692 2218 3401
1789067123 3846 1692 2218 3467
1789067128 3857 1692 2218 3447
1789067133 3853 1692 2218 3442
1789067138 3865 1692 2218 3440
1789067143 3867 1692 2218 3526
1789067148 2383 1692 641 1109
1789067153 2752 1668 1058 1108
1789067158 2723 1649 1059 1117
